ARM Linker, 5.03 [Build 76] [MDK-ARM Professional]

==============================================================================

Section Cross References

    startup.o(STACK) refers (Special) to heapauxi.o(.text) for __use_two_region_memory
    startup.o(HEAP) refers (Special) to heapauxi.o(.text) for __use_two_region_memory
    startup.o(RESET) refers (Special) to heapauxi.o(.text) for __use_two_region_memory
    startup.o(RESET) refers to startup.o(STACK) for StackMem
    startup.o(RESET) refers to switch.o(i.GPIOPortB_Handler) for GPIOPortB_Handler
    startup.o(RESET) refers to switch.o(i.GPIOPortC_Handler) for GPIOPortC_Handler
    startup.o(RESET) refers to switch.o(i.Timer0A_Handler) for Timer0A_Handler
    startup.o(RESET) refers to audio.o(i.Timer1A_Handler) for Timer1A_Handler
    startup.o(RESET) refers to audio.o(i.Timer2A_Handler) for Timer2A_Handler
    startup.o(RESET) refers to fsrs.o(i.Timer3A_Handler) for Timer3A_Handler
    startup.o(RESET) refers to fsrs.o(i.Timer4A_Handler) for Timer4A_Handler
    startup.o(RESET) refers to screen.o(i.Timer5A_Handler) for Timer5A_Handler
    startup.o(RESET) refers to __main.o(!!!main) for __main
    startup.o(.text) refers (Special) to heapauxi.o(.text) for __use_two_region_memory
    startup.o(.text) refers to startup.o(HEAP) for HeapMem
    startup.o(.text) refers to startup.o(STACK) for StackMem
    main.o(i.main) refers to pll.o(i.PLL_Init) for PLL_Init
    main.o(i.main) refers to startup.o(.text) for DisableInterrupts
    main.o(i.main) refers to fsrs.o(i.FSR_Init) for FSR_Init
    main.o(i.main) refers to audio.o(i.Audio_Init) for Audio_Init
    main.o(i.main) refers to switch.o(i.Switch_Init) for Switch_Init
    main.o(i.main) refers to screen.o(i.Screen_Init) for Screen_Init
    main.o(i.main) refers to fsrs.o(i.FSR_Calibration) for FSR_Calibration
    main.o(i.main) refers to fsrs.o(i.FSR_Test) for FSR_Test
    main.o(i.main) refers to fsrs.o(.data) for test_mode
    switch.o(i.GPIOPortB_Handler) refers to screen.o(i.Screen_MoveArrow) for Screen_MoveArrow
    switch.o(i.GPIOPortB_Handler) refers to screen.o(i.Screen_DrawMain) for Screen_DrawMain
    switch.o(i.GPIOPortB_Handler) refers to switch.o(i.Timer0Arm) for Timer0Arm
    switch.o(i.GPIOPortB_Handler) refers to switch.o(.data) for port_num
    switch.o(i.GPIOPortB_Handler) refers to fsrs.o(.data) for test_mode
    switch.o(i.GPIOPortC_Handler) refers to screen.o(i.Screen_DrawCalibrationPrep) for Screen_DrawCalibrationPrep
    switch.o(i.GPIOPortC_Handler) refers to switch.o(i.Timer0Arm) for Timer0Arm
    switch.o(i.GPIOPortC_Handler) refers to switch.o(.data) for port_num
    switch.o(i.GPIOPortC_Handler) refers to fsrs.o(.data) for test_mode
    switch.o(i.Switch_Init) refers to switch.o(i.GPIOArm) for GPIOArm
    switch.o(i.Timer0A_Handler) refers to switch.o(i.GPIOArm) for GPIOArm
    st7735.o(i.Output_Clear) refers to st7735.o(i.ST7735_FillScreen) for ST7735_FillScreen
    st7735.o(i.Output_Color) refers to st7735.o(i.ST7735_SetTextColor) for ST7735_SetTextColor
    st7735.o(i.Output_Init) refers to st7735.o(i.ST7735_InitR) for ST7735_InitR
    st7735.o(i.Output_Init) refers to st7735.o(i.ST7735_FillScreen) for ST7735_FillScreen
    st7735.o(i.Output_Off) refers to st7735.o(i.Output_Clear) for Output_Clear
    st7735.o(i.Output_On) refers to st7735.o(i.Output_Init) for Output_Init
    st7735.o(i.ST7735_DrawBitmap) refers to st7735.o(i.setAddrWindow) for setAddrWindow
    st7735.o(i.ST7735_DrawBitmap) refers to st7735.o(i.writedata) for writedata
    st7735.o(i.ST7735_DrawBitmap) refers to st7735.o(.data) for _width
    st7735.o(i.ST7735_DrawChar) refers to st7735.o(i.setAddrWindow) for setAddrWindow
    st7735.o(i.ST7735_DrawChar) refers to st7735.o(i.pushColor) for pushColor
    st7735.o(i.ST7735_DrawChar) refers to st7735.o(.data) for _width
    st7735.o(i.ST7735_DrawChar) refers to st7735.o(.constdata) for Font
    st7735.o(i.ST7735_DrawCharS) refers to st7735.o(i.ST7735_DrawPixel) for ST7735_DrawPixel
    st7735.o(i.ST7735_DrawCharS) refers to st7735.o(i.ST7735_FillRect) for ST7735_FillRect
    st7735.o(i.ST7735_DrawCharS) refers to st7735.o(.data) for _width
    st7735.o(i.ST7735_DrawCharS) refers to st7735.o(.constdata) for Font
    st7735.o(i.ST7735_DrawFastHLine) refers to st7735.o(i.setAddrWindow) for setAddrWindow
    st7735.o(i.ST7735_DrawFastHLine) refers to st7735.o(i.writedata) for writedata
    st7735.o(i.ST7735_DrawFastHLine) refers to st7735.o(.data) for _width
    st7735.o(i.ST7735_DrawFastVLine) refers to st7735.o(i.setAddrWindow) for setAddrWindow
    st7735.o(i.ST7735_DrawFastVLine) refers to st7735.o(i.writedata) for writedata
    st7735.o(i.ST7735_DrawFastVLine) refers to st7735.o(.data) for _width
    st7735.o(i.ST7735_DrawPixel) refers to st7735.o(i.setAddrWindow) for setAddrWindow
    st7735.o(i.ST7735_DrawPixel) refers to st7735.o(i.pushColor) for pushColor
    st7735.o(i.ST7735_DrawPixel) refers to st7735.o(.data) for _width
    st7735.o(i.ST7735_DrawString) refers to st7735.o(i.ST7735_DrawCharS) for ST7735_DrawCharS
    st7735.o(i.ST7735_FillRect) refers to st7735.o(i.setAddrWindow) for setAddrWindow
    st7735.o(i.ST7735_FillRect) refers to st7735.o(i.writedata) for writedata
    st7735.o(i.ST7735_FillRect) refers to st7735.o(.data) for _width
    st7735.o(i.ST7735_FillScreen) refers to st7735.o(i.ST7735_FillRect) for ST7735_FillRect
    st7735.o(i.ST7735_FillScreen) refers to st7735.o(.data) for _height
    st7735.o(i.ST7735_InitB) refers to st7735.o(i.commonInit) for commonInit
    st7735.o(i.ST7735_InitB) refers to st7735.o(i.ST7735_SetCursor) for ST7735_SetCursor
    st7735.o(i.ST7735_InitB) refers to st7735.o(i.ST7735_FillScreen) for ST7735_FillScreen
    st7735.o(i.ST7735_InitB) refers to st7735.o(.constdata) for Bcmd
    st7735.o(i.ST7735_InitB) refers to st7735.o(.data) for StTextColor
    st7735.o(i.ST7735_InitR) refers to st7735.o(i.commonInit) for commonInit
    st7735.o(i.ST7735_InitR) refers to st7735.o(i.commandList) for commandList
    st7735.o(i.ST7735_InitR) refers to st7735.o(i.writecommand) for writecommand
    st7735.o(i.ST7735_InitR) refers to st7735.o(i.writedata) for writedata
    st7735.o(i.ST7735_InitR) refers to st7735.o(i.ST7735_SetCursor) for ST7735_SetCursor
    st7735.o(i.ST7735_InitR) refers to st7735.o(i.ST7735_FillScreen) for ST7735_FillScreen
    st7735.o(i.ST7735_InitR) refers to st7735.o(.constdata) for Rcmd1
    st7735.o(i.ST7735_InitR) refers to st7735.o(.data) for ColStart
    st7735.o(i.ST7735_InvertDisplay) refers to st7735.o(i.writecommand) for writecommand
    st7735.o(i.ST7735_OutChar) refers to st7735.o(i.ST7735_DrawString) for ST7735_DrawString
    st7735.o(i.ST7735_OutChar) refers to st7735.o(i.ST7735_DrawCharS) for ST7735_DrawCharS
    st7735.o(i.ST7735_OutChar) refers to st7735.o(.data) for StY
    st7735.o(i.ST7735_OutString) refers to st7735.o(i.ST7735_OutChar) for ST7735_OutChar
    st7735.o(i.ST7735_OutUDec) refers to st7735.o(i.fillmessage) for fillmessage
    st7735.o(i.ST7735_OutUDec) refers to st7735.o(i.ST7735_DrawString) for ST7735_DrawString
    st7735.o(i.ST7735_OutUDec) refers to st7735.o(i.ST7735_DrawCharS) for ST7735_DrawCharS
    st7735.o(i.ST7735_OutUDec) refers to st7735.o(.data) for Messageindex
    st7735.o(i.ST7735_OutUDec) refers to st7735.o(.bss) for Message
    st7735.o(i.ST7735_PlotBar) refers to st7735.o(i.ST7735_DrawFastVLine) for ST7735_DrawFastVLine
    st7735.o(i.ST7735_PlotBar) refers to st7735.o(.data) for Ymin
    st7735.o(i.ST7735_PlotClear) refers to st7735.o(i.ST7735_Color565) for ST7735_Color565
    st7735.o(i.ST7735_PlotClear) refers to st7735.o(i.ST7735_FillRect) for ST7735_FillRect
    st7735.o(i.ST7735_PlotClear) refers to st7735.o(.data) for Ymax
    st7735.o(i.ST7735_PlotLine) refers to st7735.o(i.ST7735_DrawPixel) for ST7735_DrawPixel
    st7735.o(i.ST7735_PlotLine) refers to st7735.o(.data) for Ymin
    st7735.o(i.ST7735_PlotNext) refers to st7735.o(.data) for X
    st7735.o(i.ST7735_PlotNextErase) refers to st7735.o(i.ST7735_Color565) for ST7735_Color565
    st7735.o(i.ST7735_PlotNextErase) refers to st7735.o(i.ST7735_DrawFastVLine) for ST7735_DrawFastVLine
    st7735.o(i.ST7735_PlotNextErase) refers to st7735.o(.data) for X
    st7735.o(i.ST7735_PlotPoint) refers to st7735.o(i.ST7735_DrawPixel) for ST7735_DrawPixel
    st7735.o(i.ST7735_PlotPoint) refers to st7735.o(.data) for Ymin
    st7735.o(i.ST7735_PlotPoints) refers to st7735.o(i.ST7735_DrawPixel) for ST7735_DrawPixel
    st7735.o(i.ST7735_PlotPoints) refers to st7735.o(.data) for Ymin
    st7735.o(i.ST7735_PlotdBfs) refers to st7735.o(i.ST7735_DrawFastVLine) for ST7735_DrawFastVLine
    st7735.o(i.ST7735_PlotdBfs) refers to st7735.o(.constdata) for dBfs
    st7735.o(i.ST7735_PlotdBfs) refers to st7735.o(.data) for X
    st7735.o(i.ST7735_SetCursor) refers to st7735.o(.data) for StX
    st7735.o(i.ST7735_SetRotation) refers to st7735.o(i.writecommand) for writecommand
    st7735.o(i.ST7735_SetRotation) refers to st7735.o(i.writedata) for writedata
    st7735.o(i.ST7735_SetRotation) refers to st7735.o(.data) for Rotation
    st7735.o(i.ST7735_SetTextColor) refers to st7735.o(.data) for StTextColor
    st7735.o(i.commandList) refers to st7735.o(i.writecommand) for writecommand
    st7735.o(i.commandList) refers to st7735.o(i.writedata) for writedata
    st7735.o(i.commandList) refers to st7735.o(i.Delay1ms) for Delay1ms
    st7735.o(i.commonInit) refers to st7735.o(i.Delay1ms) for Delay1ms
    st7735.o(i.commonInit) refers to st7735.o(i.commandList) for commandList
    st7735.o(i.commonInit) refers to st7735.o(.data) for RowStart
    st7735.o(i.fillmessage) refers to st7735.o(.bss) for Message
    st7735.o(i.fillmessage) refers to st7735.o(.data) for Messageindex
    st7735.o(i.fputc) refers to st7735.o(i.ST7735_OutChar) for ST7735_OutChar
    st7735.o(i.pushColor) refers to st7735.o(i.writedata) for writedata
    st7735.o(i.setAddrWindow) refers to st7735.o(i.writecommand) for writecommand
    st7735.o(i.setAddrWindow) refers to st7735.o(i.writedata) for writedata
    st7735.o(i.setAddrWindow) refers to st7735.o(.data) for ColStart
    audio.o(i.Audio_Init) refers to audio.o(i.initSong) for initSong
    audio.o(i.Audio_Init) refers to audio.o(i.Timer1A_Init) for Timer1A_Init
    audio.o(i.Audio_Init) refers to audio.o(i.Timer2A_Init) for Timer2A_Init
    audio.o(i.Audio_Init) refers to audio.o(.data) for NoteRL
    audio.o(i.Audio_Init) refers to audio.o(.bss) for songRL
    audio.o(i.DAC_Out) refers to fsrs.o(.bss) for fsrError
    audio.o(i.Timer1A_Handler) refers to audio.o(i.DAC_Out) for DAC_Out
    audio.o(i.Timer1A_Handler) refers to audio.o(.data) for songCurr
    audio.o(i.Timer2A_Handler) refers to audio.o(.data) for songCurr
    screen.o(i.Screen_DrawArrow) refers to st7735.o(i.ST7735_DrawChar) for ST7735_DrawChar
    screen.o(i.Screen_DrawCalibration) refers to st7735.o(i.ST7735_FillScreen) for ST7735_FillScreen
    screen.o(i.Screen_DrawCalibration) refers to screen.o(i.Screen_DrawLogoTop) for Screen_DrawLogoTop
    screen.o(i.Screen_DrawCalibration) refers to screen.o(i.Screen_DrawModeTop) for Screen_DrawModeTop
    screen.o(i.Screen_DrawCalibration) refers to st7735.o(i.ST7735_DrawCharS) for ST7735_DrawCharS
    screen.o(i.Screen_DrawCalibrationPrep) refers to st7735.o(i.ST7735_FillScreen) for ST7735_FillScreen
    screen.o(i.Screen_DrawCalibrationPrep) refers to screen.o(i.Screen_DrawLogoTop) for Screen_DrawLogoTop
    screen.o(i.Screen_DrawCalibrationPrep) refers to screen.o(i.Screen_DrawModeTop) for Screen_DrawModeTop
    screen.o(i.Screen_DrawCalibrationPrep) refers to st7735.o(i.ST7735_DrawCharS) for ST7735_DrawCharS
    screen.o(i.Screen_DrawGreeting) refers to st7735.o(i.ST7735_FillScreen) for ST7735_FillScreen
    screen.o(i.Screen_DrawGreeting) refers to st7735.o(i.ST7735_DrawCharS) for ST7735_DrawCharS
    screen.o(i.Screen_DrawLogoTop) refers to st7735.o(i.ST7735_FillScreen) for ST7735_FillScreen
    screen.o(i.Screen_DrawLogoTop) refers to st7735.o(i.ST7735_DrawCharS) for ST7735_DrawCharS
    screen.o(i.Screen_DrawMain) refers to st7735.o(i.ST7735_FillScreen) for ST7735_FillScreen
    screen.o(i.Screen_DrawMain) refers to screen.o(i.Screen_DrawLogoTop) for Screen_DrawLogoTop
    screen.o(i.Screen_DrawMain) refers to screen.o(i.Screen_DrawArrow) for Screen_DrawArrow
    screen.o(i.Screen_DrawMain) refers to st7735.o(i.ST7735_DrawCharS) for ST7735_DrawCharS
    screen.o(i.Screen_DrawMain) refers to screen.o(.data) for arrow_pos
    screen.o(i.Screen_DrawModeTop) refers to st7735.o(i.ST7735_DrawCharS) for ST7735_DrawCharS
    screen.o(i.Screen_DrawModeTop) refers to screen.o(.data) for arrow_pos
    screen.o(i.Screen_DrawTest) refers to st7735.o(i.ST7735_FillScreen) for ST7735_FillScreen
    screen.o(i.Screen_DrawTest) refers to screen.o(i.Screen_DrawLogoTop) for Screen_DrawLogoTop
    screen.o(i.Screen_DrawTest) refers to screen.o(i.Screen_DrawModeTop) for Screen_DrawModeTop
    screen.o(i.Screen_DrawTest) refers to st7735.o(i.ST7735_DrawCharS) for ST7735_DrawCharS
    screen.o(i.Screen_GPTest) refers to st7735.o(i.ST7735_SetCursor) for ST7735_SetCursor
    screen.o(i.Screen_GPTest) refers to st7735.o(i.ST7735_OutString) for ST7735_OutString
    screen.o(i.Screen_GPTest) refers to st7735.o(i.ST7735_OutUDec) for ST7735_OutUDec
    screen.o(i.Screen_Init) refers to st7735.o(i.ST7735_InitR) for ST7735_InitR
    screen.o(i.Screen_Init) refers to screen.o(i.Timer5A_Init) for Timer5A_Init
    screen.o(i.Screen_Init) refers to screen.o(i.Screen_DrawGreeting) for Screen_DrawGreeting
    screen.o(i.Screen_Init) refers to st7735.o(i.Delay1ms) for Delay1ms
    screen.o(i.Screen_Init) refers to screen.o(i.Screen_DrawMain) for Screen_DrawMain
    screen.o(i.Screen_MoveArrow) refers to screen.o(i.Screen_DrawArrow) for Screen_DrawArrow
    screen.o(i.Screen_MoveArrow) refers to screen.o(.data) for arrow_pos
    screen.o(i.Timer5A_Handler) refers to st7735.o(i.ST7735_DrawCharS) for ST7735_DrawCharS
    screen.o(i.Timer5A_Handler) refers to screen.o(i.Screen_DrawCalibration) for Screen_DrawCalibration
    screen.o(i.Timer5A_Handler) refers to screen.o(.data) for calib_sec
    screen.o(i.Timer5A_Handler) refers to fsrs.o(.data) for test_mode
    fsrs.o(i.FSR_Calibration) refers to screen.o(i.Screen_DrawCalibration) for Screen_DrawCalibration
    fsrs.o(i.FSR_Calibration) refers to screen.o(i.Screen_DrawTest) for Screen_DrawTest
    fsrs.o(i.FSR_Calibration) refers to fsrs.o(.data) for fsr_num
    fsrs.o(i.FSR_InSeq3) refers to fsrs.o(.data) for fsr_num
    fsrs.o(i.FSR_Init) refers to fsrs.o(i.Timer3A_Init) for Timer3A_Init
    fsrs.o(i.FSR_Mesaure) refers to fsrs.o(i.FSR_InSeq3) for FSR_InSeq3
    fsrs.o(i.FSR_Test) refers to fsrs.o(i.FSR_Mesaure) for FSR_Mesaure
    fsrs.o(i.FSR_Test) refers to dflt_clz.o(x$fpl$dflt) for __aeabi_i2d
    fsrs.o(i.FSR_Test) refers to dmul.o(x$fpl$dmul) for __aeabi_dmul
    fsrs.o(i.FSR_Test) refers to drleqf.o(x$fpl$drleqf) for __aeabi_cdrcmple
    fsrs.o(i.FSR_Test) refers to fsrs.o(.data) for fsr_num
    fsrs.o(i.FSR_Test) refers to fsrs.o(.bss) for fsrError
    fsrs.o(i.FSR_Test) refers to screen.o(.data) for arrow_pos
    fsrs.o(i.FSR_Test) refers to audio.o(.bss) for songRL
    fsrs.o(i.FSR_Test) refers to audio.o(.data) for songCurr
    fsrs.o(i.Timer3A_Handler) refers to fsrs.o(i.FSR_InSeq3) for FSR_InSeq3
    fsrs.o(i.Timer3A_Handler) refers to fsrs.o(.data) for fsr_num
    fsrs.o(i.Timer3A_Handler) refers to fsrs.o(.bss) for fsr
    __main.o(!!!main) refers to rtentry.o(.ARM.Collect$$rtentry$$00000000) for __rt_entry
    dflt_clz.o(x$fpl$dfltu) refers (Special) to usenofp.o(x$fpl$usenofp) for __I$use$fp
    dflt_clz.o(x$fpl$dflt) refers (Special) to usenofp.o(x$fpl$usenofp) for __I$use$fp
    dflt_clz.o(x$fpl$dfltn) refers (Special) to usenofp.o(x$fpl$usenofp) for __I$use$fp
    dmul.o(x$fpl$dmul) refers (Special) to usenofp.o(x$fpl$usenofp) for __I$use$fp
    dmul.o(x$fpl$dmul) refers to dretinf.o(x$fpl$dretinf) for __fpl_dretinf
    dmul.o(x$fpl$dmul) refers to dnaninf.o(x$fpl$dnaninf) for __fpl_dnaninf
    drleqf.o(x$fpl$drleqf) refers (Special) to usenofp.o(x$fpl$usenofp) for __I$use$fp
    drleqf.o(x$fpl$drleqf) refers to dleqf.o(x$fpl$dleqf) for __fpl_dcmple_InfNaN
    rtentry.o(.ARM.Collect$$rtentry$$00000000) refers (Special) to rtentry2.o(.ARM.Collect$$rtentry$$0000000A) for __rt_entry_li
    rtentry.o(.ARM.Collect$$rtentry$$00000000) refers (Special) to rtentry2.o(.ARM.Collect$$rtentry$$0000000D) for __rt_entry_main
    rtentry.o(.ARM.Collect$$rtentry$$00000000) refers (Special) to rtentry2.o(.ARM.Collect$$rtentry$$0000000C) for __rt_entry_postli_1
    rtentry.o(.ARM.Collect$$rtentry$$00000000) refers (Special) to rtentry2.o(.ARM.Collect$$rtentry$$00000009) for __rt_entry_postsh_1
    rtentry.o(.ARM.Collect$$rtentry$$00000000) refers (Special) to rtentry2.o(.ARM.Collect$$rtentry$$00000002) for __rt_entry_presh_1
    rtentry.o(.ARM.Collect$$rtentry$$00000000) refers (Special) to rtentry4.o(.ARM.Collect$$rtentry$$00000004) for __rt_entry_sh
    dleqf.o(x$fpl$dleqf) refers (Special) to usenofp.o(x$fpl$usenofp) for __I$use$fp
    dleqf.o(x$fpl$dleqf) refers to dnaninf.o(x$fpl$dnaninf) for __fpl_dnaninf
    dleqf.o(x$fpl$dleqf) refers to dcmpi.o(x$fpl$dcmpinf) for __fpl_dcmp_Inf
    dnaninf.o(x$fpl$dnaninf) refers (Special) to usenofp.o(x$fpl$usenofp) for __I$use$fp
    dretinf.o(x$fpl$dretinf) refers (Special) to usenofp.o(x$fpl$usenofp) for __I$use$fp
    rtentry2.o(.ARM.Collect$$rtentry$$00000008) refers to boardinit2.o(.text) for _platform_post_stackheap_init
    rtentry2.o(.ARM.Collect$$rtentry$$0000000A) refers to libinit.o(.ARM.Collect$$libinit$$00000000) for __rt_lib_init
    rtentry2.o(.ARM.Collect$$rtentry$$0000000B) refers to boardinit3.o(.text) for _platform_post_lib_init
    rtentry2.o(.ARM.Collect$$rtentry$$0000000D) refers to main.o(i.main) for main
    rtentry2.o(.ARM.Collect$$rtentry$$0000000D) refers to exit.o(.text) for exit
    rtentry2.o(.ARM.exidx) refers to rtentry2.o(.ARM.Collect$$rtentry$$00000001) for .ARM.Collect$$rtentry$$00000001
    rtentry2.o(.ARM.exidx) refers to rtentry2.o(.ARM.Collect$$rtentry$$00000008) for .ARM.Collect$$rtentry$$00000008
    rtentry2.o(.ARM.exidx) refers to rtentry2.o(.ARM.Collect$$rtentry$$0000000A) for .ARM.Collect$$rtentry$$0000000A
    rtentry2.o(.ARM.exidx) refers to rtentry2.o(.ARM.Collect$$rtentry$$0000000B) for .ARM.Collect$$rtentry$$0000000B
    rtentry2.o(.ARM.exidx) refers to rtentry2.o(.ARM.Collect$$rtentry$$0000000D) for .ARM.Collect$$rtentry$$0000000D
    rtentry4.o(.ARM.Collect$$rtentry$$00000004) refers to sys_stackheap_outer.o(.text) for __user_setup_stackheap
    rtentry4.o(.ARM.exidx) refers to rtentry4.o(.ARM.Collect$$rtentry$$00000004) for .ARM.Collect$$rtentry$$00000004
    dcmpi.o(x$fpl$dcmpinf) refers (Special) to usenofp.o(x$fpl$usenofp) for __I$use$fp
    sys_stackheap_outer.o(.text) refers to libspace.o(.text) for __user_perproc_libspace
    sys_stackheap_outer.o(.text) refers to startup.o(.text) for __user_initial_stackheap
    exit.o(.text) refers to rtexit.o(.ARM.Collect$$rtexit$$00000000) for __rt_exit
    libinit.o(.ARM.Collect$$libinit$$00000000) refers (Special) to libinit2.o(.ARM.Collect$$libinit$$0000002C) for __rt_lib_init_alloca_1
    libinit.o(.ARM.Collect$$libinit$$00000000) refers (Special) to libinit2.o(.ARM.Collect$$libinit$$0000002A) for __rt_lib_init_argv_1
    libinit.o(.ARM.Collect$$libinit$$00000000) refers (Special) to libinit2.o(.ARM.Collect$$libinit$$00000019) for __rt_lib_init_atexit_1
    libinit.o(.ARM.Collect$$libinit$$00000000) refers (Special) to libinit2.o(.ARM.Collect$$libinit$$0000001F) for __rt_lib_init_clock_1
    libinit.o(.ARM.Collect$$libinit$$00000000) refers (Special) to libinit2.o(.ARM.Collect$$libinit$$00000030) for __rt_lib_init_cpp_1
    libinit.o(.ARM.Collect$$libinit$$00000000) refers (Special) to libinit2.o(.ARM.Collect$$libinit$$0000002E) for __rt_lib_init_exceptions_1
    libinit.o(.ARM.Collect$$libinit$$00000000) refers (Special) to libinit2.o(.ARM.Collect$$libinit$$00000002) for __rt_lib_init_fp_1
    libinit.o(.ARM.Collect$$libinit$$00000000) refers (Special) to libinit2.o(.ARM.Collect$$libinit$$0000001D) for __rt_lib_init_fp_trap_1
    libinit.o(.ARM.Collect$$libinit$$00000000) refers (Special) to libinit2.o(.ARM.Collect$$libinit$$00000021) for __rt_lib_init_getenv_1
    libinit.o(.ARM.Collect$$libinit$$00000000) refers (Special) to libinit2.o(.ARM.Collect$$libinit$$00000008) for __rt_lib_init_heap_1
    libinit.o(.ARM.Collect$$libinit$$00000000) refers (Special) to libinit2.o(.ARM.Collect$$libinit$$0000000F) for __rt_lib_init_lc_collate_1
    libinit.o(.ARM.Collect$$libinit$$00000000) refers (Special) to libinit2.o(.ARM.Collect$$libinit$$00000011) for __rt_lib_init_lc_ctype_1
    libinit.o(.ARM.Collect$$libinit$$00000000) refers (Special) to libinit2.o(.ARM.Collect$$libinit$$00000013) for __rt_lib_init_lc_monetary_1
    libinit.o(.ARM.Collect$$libinit$$00000000) refers (Special) to libinit2.o(.ARM.Collect$$libinit$$00000015) for __rt_lib_init_lc_numeric_1
    libinit.o(.ARM.Collect$$libinit$$00000000) refers (Special) to libinit2.o(.ARM.Collect$$libinit$$00000017) for __rt_lib_init_lc_time_1
    libinit.o(.ARM.Collect$$libinit$$00000000) refers (Special) to libinit2.o(.ARM.Collect$$libinit$$0000000C) for __rt_lib_init_rand_1
    libinit.o(.ARM.Collect$$libinit$$00000000) refers (Special) to libinit2.o(.ARM.Collect$$libinit$$00000031) for __rt_lib_init_return
    libinit.o(.ARM.Collect$$libinit$$00000000) refers (Special) to libinit2.o(.ARM.Collect$$libinit$$0000001B) for __rt_lib_init_signal_1
    libinit.o(.ARM.Collect$$libinit$$00000000) refers (Special) to libinit2.o(.ARM.Collect$$libinit$$00000023) for __rt_lib_init_stdio_1
    libinit.o(.ARM.Collect$$libinit$$00000000) refers (Special) to libinit2.o(.ARM.Collect$$libinit$$0000000A) for __rt_lib_init_user_alloc_1
    libspace.o(.text) refers to libspace.o(.bss) for __libspace_start
    rtexit.o(.ARM.Collect$$rtexit$$00000000) refers (Special) to rtexit2.o(.ARM.Collect$$rtexit$$00000004) for __rt_exit_exit
    rtexit.o(.ARM.Collect$$rtexit$$00000000) refers (Special) to rtexit2.o(.ARM.Collect$$rtexit$$00000003) for __rt_exit_ls
    rtexit.o(.ARM.Collect$$rtexit$$00000000) refers (Special) to rtexit2.o(.ARM.Collect$$rtexit$$00000002) for __rt_exit_prels_1
    rtexit.o(.ARM.exidx) refers (Special) to rtexit2.o(.ARM.Collect$$rtexit$$00000004) for __rt_exit_exit
    rtexit.o(.ARM.exidx) refers (Special) to rtexit2.o(.ARM.Collect$$rtexit$$00000003) for __rt_exit_ls
    rtexit.o(.ARM.exidx) refers (Special) to rtexit2.o(.ARM.Collect$$rtexit$$00000002) for __rt_exit_prels_1
    rtexit.o(.ARM.exidx) refers to rtexit.o(.ARM.Collect$$rtexit$$00000000) for .ARM.Collect$$rtexit$$00000000
    libinit2.o(.ARM.Collect$$libinit$$0000000E) refers to libinit2.o(.ARM.Collect$$libinit$$0000000D) for .ARM.Collect$$libinit$$0000000D
    libinit2.o(.ARM.Collect$$libinit$$00000010) refers to libinit2.o(.ARM.Collect$$libinit$$0000000D) for .ARM.Collect$$libinit$$0000000D
    libinit2.o(.ARM.Collect$$libinit$$00000012) refers to libinit2.o(.ARM.Collect$$libinit$$0000000D) for .ARM.Collect$$libinit$$0000000D
    libinit2.o(.ARM.Collect$$libinit$$00000014) refers to libinit2.o(.ARM.Collect$$libinit$$0000000D) for .ARM.Collect$$libinit$$0000000D
    libinit2.o(.ARM.Collect$$libinit$$00000016) refers to libinit2.o(.ARM.Collect$$libinit$$0000000D) for .ARM.Collect$$libinit$$0000000D
    libinit2.o(.ARM.Collect$$libinit$$00000024) refers to argv_veneer.o(.emb_text) for __ARM_argv_veneer
    libinit2.o(.ARM.Collect$$libinit$$00000025) refers to argv_veneer.o(.emb_text) for __ARM_argv_veneer
    rtexit2.o(.ARM.Collect$$rtexit$$00000003) refers to libshutdown.o(.ARM.Collect$$libshutdown$$00000000) for __rt_lib_shutdown
    rtexit2.o(.ARM.Collect$$rtexit$$00000004) refers to sys_exit.o(.text) for _sys_exit
    rtexit2.o(.ARM.exidx) refers to rtexit2.o(.ARM.Collect$$rtexit$$00000001) for .ARM.Collect$$rtexit$$00000001
    rtexit2.o(.ARM.exidx) refers to rtexit2.o(.ARM.Collect$$rtexit$$00000003) for .ARM.Collect$$rtexit$$00000003
    rtexit2.o(.ARM.exidx) refers to rtexit2.o(.ARM.Collect$$rtexit$$00000004) for .ARM.Collect$$rtexit$$00000004
    argv_veneer.o(.emb_text) refers to no_argv.o(.text) for __ARM_get_argv
    sys_exit.o(.text) refers (Special) to use_no_semi.o(.text) for __I$use$semihosting
    sys_exit.o(.text) refers (Special) to indicate_semi.o(.text) for __semihosting_library_function
    _get_argv_nomalloc.o(.text) refers (Special) to hrguard.o(.text) for __heap_region$guard
    _get_argv_nomalloc.o(.text) refers to defsig_rtmem_outer.o(.text) for __rt_SIGRTMEM
    _get_argv_nomalloc.o(.text) refers to sys_command.o(.text) for _sys_command_string
    libshutdown.o(.ARM.Collect$$libshutdown$$00000000) refers (Special) to libshutdown2.o(.ARM.Collect$$libshutdown$$00000006) for __rt_lib_shutdown_fp_trap_1
    libshutdown.o(.ARM.Collect$$libshutdown$$00000000) refers (Special) to libshutdown2.o(.ARM.Collect$$libshutdown$$0000000E) for __rt_lib_shutdown_heap_1
    libshutdown.o(.ARM.Collect$$libshutdown$$00000000) refers (Special) to libshutdown2.o(.ARM.Collect$$libshutdown$$0000000F) for __rt_lib_shutdown_return
    libshutdown.o(.ARM.Collect$$libshutdown$$00000000) refers (Special) to libshutdown2.o(.ARM.Collect$$libshutdown$$00000009) for __rt_lib_shutdown_signal_1
    libshutdown.o(.ARM.Collect$$libshutdown$$00000000) refers (Special) to libshutdown2.o(.ARM.Collect$$libshutdown$$00000003) for __rt_lib_shutdown_stdio_1
    libshutdown.o(.ARM.Collect$$libshutdown$$00000000) refers (Special) to libshutdown2.o(.ARM.Collect$$libshutdown$$0000000B) for __rt_lib_shutdown_user_alloc_1
    sys_command.o(.text) refers (Special) to use_no_semi.o(.text) for __I$use$semihosting
    sys_command.o(.text) refers (Special) to indicate_semi.o(.text) for __semihosting_library_function
    defsig_rtmem_outer.o(.text) refers to defsig_rtmem_inner.o(.text) for __rt_SIGRTMEM_inner
    defsig_rtmem_outer.o(.text) refers to defsig_exit.o(.text) for __sig_exit
    defsig_rtmem_formal.o(.text) refers to rt_raise.o(.text) for __rt_raise
    rt_raise.o(.text) refers to __raise.o(.text) for __raise
    rt_raise.o(.text) refers to sys_exit.o(.text) for _sys_exit
    defsig_exit.o(.text) refers to sys_exit.o(.text) for _sys_exit
    defsig_rtmem_inner.o(.text) refers to defsig_general.o(.text) for __default_signal_display
    __raise.o(.text) refers to defsig.o(CL$$defsig) for __default_signal_handler
    defsig_general.o(.text) refers to sys_wrch.o(.text) for _ttywrch
    sys_wrch.o(.text) refers (Special) to use_no_semi.o(.text) for __I$use$semihosting
    sys_wrch.o(.text) refers (Special) to indicate_semi.o(.text) for __semihosting_library_function
    defsig.o(CL$$defsig) refers to defsig_rtmem_inner.o(.text) for __rt_SIGRTMEM_inner
    defsig_abrt_inner.o(.text) refers to defsig_general.o(.text) for __default_signal_display
    defsig_fpe_inner.o(.text) refers to defsig_general.o(.text) for __default_signal_display
    defsig_rtred_inner.o(.text) refers to defsig_general.o(.text) for __default_signal_display
    defsig_stak_inner.o(.text) refers to defsig_general.o(.text) for __default_signal_display
    defsig_pvfn_inner.o(.text) refers to defsig_general.o(.text) for __default_signal_display
    defsig_cppl_inner.o(.text) refers to defsig_general.o(.text) for __default_signal_display
    defsig_segv_inner.o(.text) refers to defsig_general.o(.text) for __default_signal_display
    defsig_other.o(.text) refers to defsig_general.o(.text) for __default_signal_display


==============================================================================

Removing Unused input sections from the image.

    Removing st7735.o(i.Output_Clear), (10 bytes).
    Removing st7735.o(i.Output_Color), (12 bytes).
    Removing st7735.o(i.Output_Init), (16 bytes).
    Removing st7735.o(i.Output_Off), (8 bytes).
    Removing st7735.o(i.Output_On), (8 bytes).
    Removing st7735.o(i.ST7735_Color565), (24 bytes).
    Removing st7735.o(i.ST7735_DrawBitmap), (288 bytes).
    Removing st7735.o(i.ST7735_DrawFastHLine), (124 bytes).
    Removing st7735.o(i.ST7735_DrawFastVLine), (124 bytes).
    Removing st7735.o(i.ST7735_DrawString), (86 bytes).
    Removing st7735.o(i.ST7735_InitB), (40 bytes).
    Removing st7735.o(i.ST7735_InvertDisplay), (22 bytes).
    Removing st7735.o(i.ST7735_OutChar), (212 bytes).
    Removing st7735.o(i.ST7735_OutString), (24 bytes).
    Removing st7735.o(i.ST7735_OutUDec), (140 bytes).
    Removing st7735.o(i.ST7735_PlotBar), (88 bytes).
    Removing st7735.o(i.ST7735_PlotClear), (92 bytes).
    Removing st7735.o(i.ST7735_PlotLine), (264 bytes).
    Removing st7735.o(i.ST7735_PlotNext), (32 bytes).
    Removing st7735.o(i.ST7735_PlotNextErase), (64 bytes).
    Removing st7735.o(i.ST7735_PlotPoint), (152 bytes).
    Removing st7735.o(i.ST7735_PlotPoints), (172 bytes).
    Removing st7735.o(i.ST7735_PlotdBfs), (60 bytes).
    Removing st7735.o(i.ST7735_SetRotation), (212 bytes).
    Removing st7735.o(i.ST7735_SetTextColor), (12 bytes).
    Removing st7735.o(i.ST7735_SwapColor), (18 bytes).
    Removing st7735.o(i.ferror), (8 bytes).
    Removing st7735.o(i.fgetc), (6 bytes).
    Removing st7735.o(i.fillmessage), (72 bytes).
    Removing st7735.o(i.fputc), (16 bytes).
    Removing st7735.o(.bss), (12 bytes).
    Removing screen.o(i.Screen_GPTest), (144 bytes).
    Removing fsrs.o(i.Timer4A_Init), (100 bytes).

33 unused section(s) (total 2662 bytes) removed from the image.

==============================================================================

Image Symbol Table

    Local Symbols

    Symbol Name                              Value     Ov Type        Size  Object(Section)

    RESET                                    0x00000000   Section      644  startup.o(RESET)
    ../clib/angel/boardlib.s                 0x00000000   Number         0  boardinit1.o ABSOLUTE
    ../clib/angel/boardlib.s                 0x00000000   Number         0  boardinit3.o ABSOLUTE
    ../clib/angel/boardlib.s                 0x00000000   Number         0  boardinit2.o ABSOLUTE
    ../clib/angel/boardlib.s                 0x00000000   Number         0  boardshut.o ABSOLUTE
    ../clib/angel/dczerorl2.s                0x00000000   Number         0  __dczerorl2.o ABSOLUTE
    ../clib/angel/handlers.s                 0x00000000   Number         0  __scatter_zi.o ABSOLUTE
    ../clib/angel/kernel.s                   0x00000000   Number         0  rtexit.o ABSOLUTE
    ../clib/angel/kernel.s                   0x00000000   Number         0  rtentry4.o ABSOLUTE
    ../clib/angel/kernel.s                   0x00000000   Number         0  rtentry2.o ABSOLUTE
    ../clib/angel/kernel.s                   0x00000000   Number         0  rtentry.o ABSOLUTE
    ../clib/angel/kernel.s                   0x00000000   Number         0  rtexit2.o ABSOLUTE
    ../clib/angel/rt.s                       0x00000000   Number         0  rt_raise.o ABSOLUTE
    ../clib/angel/scatter.s                  0x00000000   Number         0  __scatter.o ABSOLUTE
    ../clib/angel/startup.s                  0x00000000   Number         0  __main.o ABSOLUTE
    ../clib/angel/sys.s                      0x00000000   Number         0  sys_stackheap_outer.o ABSOLUTE
    ../clib/angel/sys.s                      0x00000000   Number         0  use_no_semi.o ABSOLUTE
    ../clib/angel/sys.s                      0x00000000   Number         0  indicate_semi.o ABSOLUTE
    ../clib/angel/sys.s                      0x00000000   Number         0  libspace.o ABSOLUTE
    ../clib/angel/sysapp.c                   0x00000000   Number         0  sys_exit.o ABSOLUTE
    ../clib/angel/sysapp.c                   0x00000000   Number         0  sys_command.o ABSOLUTE
    ../clib/angel/sysapp.c                   0x00000000   Number         0  sys_wrch.o ABSOLUTE
    ../clib/armsys.c                         0x00000000   Number         0  argv_veneer.o ABSOLUTE
    ../clib/armsys.c                         0x00000000   Number         0  argv_veneer.o ABSOLUTE
    ../clib/armsys.c                         0x00000000   Number         0  _get_argv_nomalloc.o ABSOLUTE
    ../clib/armsys.c                         0x00000000   Number         0  no_argv.o ABSOLUTE
    ../clib/heapalloc.c                      0x00000000   Number         0  hrguard.o ABSOLUTE
    ../clib/heapaux.c                        0x00000000   Number         0  heapauxi.o ABSOLUTE
    ../clib/libinit.s                        0x00000000   Number         0  libshutdown2.o ABSOLUTE
    ../clib/libinit.s                        0x00000000   Number         0  libshutdown.o ABSOLUTE
    ../clib/libinit.s                        0x00000000   Number         0  libinit.o ABSOLUTE
    ../clib/libinit.s                        0x00000000   Number         0  libinit2.o ABSOLUTE
    ../clib/signal.c                         0x00000000   Number         0  defsig_cppl_inner.o ABSOLUTE
    ../clib/signal.c                         0x00000000   Number         0  defsig_rtmem_outer.o ABSOLUTE
    ../clib/signal.c                         0x00000000   Number         0  defsig_pvfn_inner.o ABSOLUTE
    ../clib/signal.c                         0x00000000   Number         0  defsig_rtred_inner.o ABSOLUTE
    ../clib/signal.c                         0x00000000   Number         0  defsig_fpe_inner.o ABSOLUTE
    ../clib/signal.c                         0x00000000   Number         0  defsig_abrt_inner.o ABSOLUTE
    ../clib/signal.c                         0x00000000   Number         0  defsig_segv_inner.o ABSOLUTE
    ../clib/signal.c                         0x00000000   Number         0  defsig_general.o ABSOLUTE
    ../clib/signal.c                         0x00000000   Number         0  __raise.o ABSOLUTE
    ../clib/signal.c                         0x00000000   Number         0  defsig_rtmem_inner.o ABSOLUTE
    ../clib/signal.c                         0x00000000   Number         0  defsig_exit.o ABSOLUTE
    ../clib/signal.c                         0x00000000   Number         0  defsig_other.o ABSOLUTE
    ../clib/signal.c                         0x00000000   Number         0  defsig_stak_inner.o ABSOLUTE
    ../clib/signal.c                         0x00000000   Number         0  defsig_rtmem_formal.o ABSOLUTE
    ../clib/signal.s                         0x00000000   Number         0  defsig.o ABSOLUTE
    ../clib/stdlib.c                         0x00000000   Number         0  exit.o ABSOLUTE
    ../fplib/dcmpi.s                         0x00000000   Number         0  dcmpi.o ABSOLUTE
    ../fplib/dflt.s                          0x00000000   Number         0  dflt_clz.o ABSOLUTE
    ../fplib/dleqf.s                         0x00000000   Number         0  dleqf.o ABSOLUTE
    ../fplib/dmul.s                          0x00000000   Number         0  dmul.o ABSOLUTE
    ../fplib/dnaninf.s                       0x00000000   Number         0  dnaninf.o ABSOLUTE
    ../fplib/dretinf.s                       0x00000000   Number         0  dretinf.o ABSOLUTE
    ../fplib/drleqf.s                        0x00000000   Number         0  drleqf.o ABSOLUTE
    ../fplib/fpinit.s                        0x00000000   Number         0  fpinit.o ABSOLUTE
    ../fplib/usenofp.s                       0x00000000   Number         0  usenofp.o ABSOLUTE
    Audio.c                                  0x00000000   Number         0  audio.o ABSOLUTE
    FSRs.c                                   0x00000000   Number         0  fsrs.o ABSOLUTE
    PLL.c                                    0x00000000   Number         0  pll.o ABSOLUTE
    ST7735.c                                 0x00000000   Number         0  st7735.o ABSOLUTE
    Screen.c                                 0x00000000   Number         0  screen.o ABSOLUTE
    Switch.c                                 0x00000000   Number         0  switch.o ABSOLUTE
    dc.s                                     0x00000000   Number         0  dc.o ABSOLUTE
    main.c                                   0x00000000   Number         0  main.o ABSOLUTE
    startup.s                                0x00000000   Number         0  startup.o ABSOLUTE
    !!!main                                  0x00000284   Section        8  __main.o(!!!main)
    !!!scatter                               0x0000028c   Section       52  __scatter.o(!!!scatter)
    !!dczerorl2                              0x000002c0   Section       90  __dczerorl2.o(!!dczerorl2)
    !!handler_zi                             0x0000031c   Section       28  __scatter_zi.o(!!handler_zi)
    .ARM.Collect$$libinit$$00000000          0x00000338   Section        2  libinit.o(.ARM.Collect$$libinit$$00000000)
    .ARM.Collect$$libinit$$00000002          0x0000033a   Section        0  libinit2.o(.ARM.Collect$$libinit$$00000002)
    .ARM.Collect$$libinit$$00000008          0x0000033a   Section        0  libinit2.o(.ARM.Collect$$libinit$$00000008)
    .ARM.Collect$$libinit$$0000000A          0x0000033a   Section        0  libinit2.o(.ARM.Collect$$libinit$$0000000A)
    .ARM.Collect$$libinit$$0000000C          0x0000033a   Section        0  libinit2.o(.ARM.Collect$$libinit$$0000000C)
    .ARM.Collect$$libinit$$0000000F          0x0000033a   Section        0  libinit2.o(.ARM.Collect$$libinit$$0000000F)
    .ARM.Collect$$libinit$$00000011          0x0000033a   Section        0  libinit2.o(.ARM.Collect$$libinit$$00000011)
    .ARM.Collect$$libinit$$00000013          0x0000033a   Section        0  libinit2.o(.ARM.Collect$$libinit$$00000013)
    .ARM.Collect$$libinit$$00000015          0x0000033a   Section        0  libinit2.o(.ARM.Collect$$libinit$$00000015)
    .ARM.Collect$$libinit$$00000017          0x0000033a   Section        0  libinit2.o(.ARM.Collect$$libinit$$00000017)
    .ARM.Collect$$libinit$$00000019          0x0000033a   Section        0  libinit2.o(.ARM.Collect$$libinit$$00000019)
    .ARM.Collect$$libinit$$0000001B          0x0000033a   Section        0  libinit2.o(.ARM.Collect$$libinit$$0000001B)
    .ARM.Collect$$libinit$$0000001D          0x0000033a   Section        0  libinit2.o(.ARM.Collect$$libinit$$0000001D)
    .ARM.Collect$$libinit$$0000001F          0x0000033a   Section        0  libinit2.o(.ARM.Collect$$libinit$$0000001F)
    .ARM.Collect$$libinit$$00000021          0x0000033a   Section        0  libinit2.o(.ARM.Collect$$libinit$$00000021)
    .ARM.Collect$$libinit$$00000023          0x0000033a   Section        0  libinit2.o(.ARM.Collect$$libinit$$00000023)
    .ARM.Collect$$libinit$$0000002A          0x0000033a   Section        0  libinit2.o(.ARM.Collect$$libinit$$0000002A)
    .ARM.Collect$$libinit$$0000002C          0x0000033a   Section        0  libinit2.o(.ARM.Collect$$libinit$$0000002C)
    .ARM.Collect$$libinit$$0000002E          0x0000033a   Section        0  libinit2.o(.ARM.Collect$$libinit$$0000002E)
    .ARM.Collect$$libinit$$00000030          0x0000033a   Section        0  libinit2.o(.ARM.Collect$$libinit$$00000030)
    .ARM.Collect$$libinit$$00000031          0x0000033a   Section        2  libinit2.o(.ARM.Collect$$libinit$$00000031)
    .ARM.Collect$$libshutdown$$00000000      0x0000033c   Section        2  libshutdown.o(.ARM.Collect$$libshutdown$$00000000)
    .ARM.Collect$$libshutdown$$00000003      0x0000033e   Section        0  libshutdown2.o(.ARM.Collect$$libshutdown$$00000003)
    .ARM.Collect$$libshutdown$$00000006      0x0000033e   Section        0  libshutdown2.o(.ARM.Collect$$libshutdown$$00000006)
    .ARM.Collect$$libshutdown$$00000009      0x0000033e   Section        0  libshutdown2.o(.ARM.Collect$$libshutdown$$00000009)
    .ARM.Collect$$libshutdown$$0000000B      0x0000033e   Section        0  libshutdown2.o(.ARM.Collect$$libshutdown$$0000000B)
    .ARM.Collect$$libshutdown$$0000000E      0x0000033e   Section        0  libshutdown2.o(.ARM.Collect$$libshutdown$$0000000E)
    .ARM.Collect$$libshutdown$$0000000F      0x0000033e   Section        2  libshutdown2.o(.ARM.Collect$$libshutdown$$0000000F)
    .ARM.Collect$$rtentry$$00000000          0x00000340   Section        0  rtentry.o(.ARM.Collect$$rtentry$$00000000)
    .ARM.Collect$$rtentry$$00000002          0x00000340   Section        0  rtentry2.o(.ARM.Collect$$rtentry$$00000002)
    .ARM.Collect$$rtentry$$00000004          0x00000340   Section        6  rtentry4.o(.ARM.Collect$$rtentry$$00000004)
    .ARM.Collect$$rtentry$$00000009          0x00000346   Section        0  rtentry2.o(.ARM.Collect$$rtentry$$00000009)
    .ARM.Collect$$rtentry$$0000000A          0x00000346   Section        4  rtentry2.o(.ARM.Collect$$rtentry$$0000000A)
    .ARM.Collect$$rtentry$$0000000C          0x0000034a   Section        0  rtentry2.o(.ARM.Collect$$rtentry$$0000000C)
    .ARM.Collect$$rtentry$$0000000D          0x0000034a   Section        8  rtentry2.o(.ARM.Collect$$rtentry$$0000000D)
    .ARM.Collect$$rtexit$$00000000           0x00000352   Section        2  rtexit.o(.ARM.Collect$$rtexit$$00000000)
    .ARM.Collect$$rtexit$$00000002           0x00000354   Section        0  rtexit2.o(.ARM.Collect$$rtexit$$00000002)
    .ARM.Collect$$rtexit$$00000003           0x00000354   Section        4  rtexit2.o(.ARM.Collect$$rtexit$$00000003)
    .ARM.Collect$$rtexit$$00000004           0x00000358   Section        6  rtexit2.o(.ARM.Collect$$rtexit$$00000004)
    .text                                    0x00000360   Section       48  startup.o(.text)
    .text                                    0x00000390   Section        0  heapauxi.o(.text)
    .text                                    0x00000396   Section       74  sys_stackheap_outer.o(.text)
    .text                                    0x000003e0   Section        0  exit.o(.text)
    .text                                    0x000003ec   Section        8  libspace.o(.text)
    .text                                    0x000003f4   Section        0  sys_exit.o(.text)
    .text                                    0x00000400   Section        2  use_no_semi.o(.text)
    .text                                    0x00000402   Section        0  indicate_semi.o(.text)
    i.Audio_Init                             0x00000404   Section        0  audio.o(i.Audio_Init)
    i.DAC_Out                                0x000004fc   Section        0  audio.o(i.DAC_Out)
    i.Delay1ms                               0x00000568   Section        0  st7735.o(i.Delay1ms)
    i.FSR_Calibration                        0x00000588   Section        0  fsrs.o(i.FSR_Calibration)
    i.FSR_InSeq3                             0x000005e0   Section        0  fsrs.o(i.FSR_InSeq3)
    i.FSR_Init                               0x0000067c   Section        0  fsrs.o(i.FSR_Init)
    i.FSR_Mesaure                            0x00000788   Section        0  fsrs.o(i.FSR_Mesaure)
    i.FSR_Test                               0x000007a8   Section        0  fsrs.o(i.FSR_Test)
    i.GPIOArm                                0x00000a2c   Section        0  switch.o(i.GPIOArm)
    GPIOArm                                  0x00000a2d   Thumb Code   112  switch.o(i.GPIOArm)
    i.GPIOPortB_Handler                      0x00000ab0   Section        0  switch.o(i.GPIOPortB_Handler)
    i.GPIOPortC_Handler                      0x00000b0c   Section        0  switch.o(i.GPIOPortC_Handler)
    i.PLL_Init                               0x00000b54   Section        0  pll.o(i.PLL_Init)
    i.ST7735_DrawChar                        0x00000bd0   Section        0  st7735.o(i.ST7735_DrawChar)
    i.ST7735_DrawCharS                       0x00000cdc   Section        0  st7735.o(i.ST7735_DrawCharS)
    i.ST7735_DrawPixel                       0x00000dd0   Section        0  st7735.o(i.ST7735_DrawPixel)
    i.ST7735_FillRect                        0x00000e18   Section        0  st7735.o(i.ST7735_FillRect)
    i.ST7735_FillScreen                      0x00000ec4   Section        0  st7735.o(i.ST7735_FillScreen)
    i.ST7735_InitR                           0x00000ee8   Section        0  st7735.o(i.ST7735_InitR)
    i.ST7735_SetCursor                       0x00000f64   Section        0  st7735.o(i.ST7735_SetCursor)
    i.Screen_DrawArrow                       0x00000f84   Section        0  screen.o(i.Screen_DrawArrow)
    i.Screen_DrawCalibration                 0x00000fa6   Section        0  screen.o(i.Screen_DrawCalibration)
    i.Screen_DrawCalibrationPrep             0x00001104   Section        0  screen.o(i.Screen_DrawCalibrationPrep)
    i.Screen_DrawGreeting                    0x00001374   Section        0  screen.o(i.Screen_DrawGreeting)
    i.Screen_DrawLogoTop                     0x0000141e   Section        0  screen.o(i.Screen_DrawLogoTop)
    i.Screen_DrawMain                        0x000014c8   Section        0  screen.o(i.Screen_DrawMain)
    i.Screen_DrawModeTop                     0x00001754   Section        0  screen.o(i.Screen_DrawModeTop)
    i.Screen_DrawTest                        0x00001888   Section        0  screen.o(i.Screen_DrawTest)
    i.Screen_Init                            0x00001960   Section        0  screen.o(i.Screen_Init)
    i.Screen_MoveArrow                       0x00001980   Section        0  screen.o(i.Screen_MoveArrow)
    i.Switch_Init                            0x000019cc   Section        0  switch.o(i.Switch_Init)
    i.Timer0A_Handler                        0x00001aec   Section        0  switch.o(i.Timer0A_Handler)
    i.Timer0Arm                              0x00001b00   Section        0  switch.o(i.Timer0Arm)
    Timer0Arm                                0x00001b01   Thumb Code    68  switch.o(i.Timer0Arm)
    i.Timer1A_Handler                        0x00001b54   Section        0  audio.o(i.Timer1A_Handler)
    i.Timer1A_Init                           0x00001ba8   Section        0  audio.o(i.Timer1A_Init)
    i.Timer2A_Handler                        0x00001c0c   Section        0  audio.o(i.Timer2A_Handler)
    i.Timer2A_Init                           0x00001c4c   Section        0  audio.o(i.Timer2A_Init)
    i.Timer3A_Handler                        0x00001cb0   Section        0  fsrs.o(i.Timer3A_Handler)
    i.Timer3A_Init                           0x00001d5c   Section        0  fsrs.o(i.Timer3A_Init)
    i.Timer4A_Handler                        0x00001db4   Section        0  fsrs.o(i.Timer4A_Handler)
    i.Timer5A_Handler                        0x00001dc0   Section        0  screen.o(i.Timer5A_Handler)
    i.Timer5A_Init                           0x00001e1c   Section        0  screen.o(i.Timer5A_Init)
    i.commandList                            0x00001e78   Section        0  st7735.o(i.commandList)
    commandList                              0x00001e79   Thumb Code    86  st7735.o(i.commandList)
    i.commonInit                             0x00001ed0   Section        0  st7735.o(i.commonInit)
    commonInit                               0x00001ed1   Thumb Code   340  st7735.o(i.commonInit)
    i.initSong                               0x00002054   Section        0  audio.o(i.initSong)
    i.main                                   0x00002088   Section        0  main.o(i.main)
    i.pushColor                              0x000020d8   Section        0  st7735.o(i.pushColor)
    pushColor                                0x000020d9   Thumb Code    18  st7735.o(i.pushColor)
    i.setAddrWindow                          0x000020ec   Section        0  st7735.o(i.setAddrWindow)
    setAddrWindow                            0x000020ed   Thumb Code   106  st7735.o(i.setAddrWindow)
    i.writecommand                           0x00002160   Section        0  st7735.o(i.writecommand)
    writecommand                             0x00002161   Thumb Code    40  st7735.o(i.writecommand)
    i.writedata                              0x00002190   Section        0  st7735.o(i.writedata)
    writedata                                0x00002191   Thumb Code    24  st7735.o(i.writedata)
    x$fpl$dcmpinf                            0x000021b0   Section       24  dcmpi.o(x$fpl$dcmpinf)
    x$fpl$dflt                               0x000021c8   Section       46  dflt_clz.o(x$fpl$dflt)
    x$fpl$dleqf                              0x000021f8   Section      120  dleqf.o(x$fpl$dleqf)
    x$fpl$dmul                               0x00002270   Section      340  dmul.o(x$fpl$dmul)
    x$fpl$dnaninf                            0x000023c4   Section      156  dnaninf.o(x$fpl$dnaninf)
    x$fpl$dretinf                            0x00002460   Section       12  dretinf.o(x$fpl$dretinf)
    x$fpl$drleqf                             0x0000246c   Section      108  drleqf.o(x$fpl$drleqf)
    .constdata                               0x000024d8   Section     2018  st7735.o(.constdata)
    x$fpl$usenofp                            0x000024d8   Section        0  usenofp.o(x$fpl$usenofp)
    Font                                     0x000024d8   Data        1275  st7735.o(.constdata)
    Bcmd                                     0x000029d3   Data         103  st7735.o(.constdata)
    Rcmd1                                    0x00002a3a   Data          59  st7735.o(.constdata)
    Rcmd2green                               0x00002a75   Data          13  st7735.o(.constdata)
    Rcmd2red                                 0x00002a82   Data          13  st7735.o(.constdata)
    Rcmd3                                    0x00002a8f   Data          43  st7735.o(.constdata)
    .data                                    0x20000000   Section       40  switch.o(.data)
    Touch                                    0x20000014   Data           4  switch.o(.data)
    Release                                  0x20000018   Data           4  switch.o(.data)
    Last                                     0x2000001c   Data           4  switch.o(.data)
    .data                                    0x20000028   Section       44  st7735.o(.data)
    _width                                   0x20000032   Data           2  st7735.o(.data)
    _height                                  0x20000034   Data           2  st7735.o(.data)
    ColStart                                 0x2000003c   Data           1  st7735.o(.data)
    RowStart                                 0x2000003d   Data           1  st7735.o(.data)
    Rotation                                 0x2000003e   Data           1  st7735.o(.data)
    TabColor                                 0x2000003f   Data           1  st7735.o(.data)
    .data                                    0x20000054   Section      980  audio.o(.data)
    .data                                    0x20000428   Section        8  screen.o(.data)
    .data                                    0x20000430   Section       16  fsrs.o(.data)
    .bss                                     0x20000440   Section      444  audio.o(.bss)
    .bss                                     0x200005fc   Section    16032  fsrs.o(.bss)
    .bss                                     0x2000449c   Section       96  libspace.o(.bss)
    HEAP                                     0x20004500   Section        0  startup.o(HEAP)
    STACK                                    0x20004500   Section     1024  startup.o(STACK)
    HeapMem                                  0x20004500   Data           0  startup.o(HEAP)
    StackMem                                 0x20004500   Data           0  startup.o(STACK)

    Global Symbols

    Symbol Name                              Value     Ov Type        Size  Object(Section)

    BuildAttributes$$THM_ISAv4$E$P$D$K$B$S$7EM$PE$A:L22UL41UL21$X:L11$S22US41US21$IEEE1$IW$USESV6$~STKCKD$USESV7$~SHL$OSPACE$ROPI$EBA8$UX$STANDARDLIB$REQ8$PRES8$EABIv2 0x00000000   Number         0  anon$$obj.o ABSOLUTE
    __ARM_use_no_argv                        0x00000000   Number         0  main.o ABSOLUTE
    __Vectors                                0x00000000   Data           0  startup.o(RESET)
    __ARM_exceptions_init                     - Undefined Weak Reference
    __alloca_initialize                       - Undefined Weak Reference
    __cpp_initialize__aeabi_                  - Undefined Weak Reference
    __cxa_finalize                            - Undefined Weak Reference
    __rt_locale                               - Undefined Weak Reference
    __sigvec_lookup                           - Undefined Weak Reference
    _atexit_init                              - Undefined Weak Reference
    _call_atexit_fns                          - Undefined Weak Reference
    _clock_init                               - Undefined Weak Reference
    _fp_trap_init                             - Undefined Weak Reference
    _fp_trap_shutdown                         - Undefined Weak Reference
    _get_lc_collate                           - Undefined Weak Reference
    _get_lc_ctype                             - Undefined Weak Reference
    _get_lc_monetary                          - Undefined Weak Reference
    _get_lc_numeric                           - Undefined Weak Reference
    _get_lc_time                              - Undefined Weak Reference
    _getenv_init                              - Undefined Weak Reference
    _handle_redirection                       - Undefined Weak Reference
    _init_alloc                               - Undefined Weak Reference
    _init_user_alloc                          - Undefined Weak Reference
    _initio                                   - Undefined Weak Reference
    _rand_init                                - Undefined Weak Reference
    _signal_finish                            - Undefined Weak Reference
    _signal_init                              - Undefined Weak Reference
    _terminate_alloc                          - Undefined Weak Reference
    _terminate_user_alloc                     - Undefined Weak Reference
    _terminateio                              - Undefined Weak Reference
    Reset_Handler                            0x0000026d   Thumb Code     0  startup.o(RESET)
    NMI_Handler                              0x00000271   Thumb Code     2  startup.o(RESET)
    HardFault_Handler                        0x00000273   Thumb Code     2  startup.o(RESET)
    MemManage_Handler                        0x00000275   Thumb Code     2  startup.o(RESET)
    BusFault_Handler                         0x00000277   Thumb Code     2  startup.o(RESET)
    UsageFault_Handler                       0x00000279   Thumb Code     2  startup.o(RESET)
    SVC_Handler                              0x0000027b   Thumb Code     2  startup.o(RESET)
    DebugMon_Handler                         0x0000027d   Thumb Code     2  startup.o(RESET)
    PendSV_Handler                           0x0000027f   Thumb Code     2  startup.o(RESET)
    SysTick_Handler                          0x00000281   Thumb Code     2  startup.o(RESET)
    ADC0Seq0_Handler                         0x00000283   Thumb Code     0  startup.o(RESET)
    ADC0Seq1_Handler                         0x00000283   Thumb Code     0  startup.o(RESET)
    ADC0Seq2_Handler                         0x00000283   Thumb Code     0  startup.o(RESET)
    ADC0Seq3_Handler                         0x00000283   Thumb Code     0  startup.o(RESET)
    ADC1Seq0_Handler                         0x00000283   Thumb Code     0  startup.o(RESET)
    ADC1Seq1_Handler                         0x00000283   Thumb Code     0  startup.o(RESET)
    ADC1Seq2_Handler                         0x00000283   Thumb Code     0  startup.o(RESET)
    ADC1Seq3_Handler                         0x00000283   Thumb Code     0  startup.o(RESET)
    CAN0_Handler                             0x00000283   Thumb Code     0  startup.o(RESET)
    CAN1_Handler                             0x00000283   Thumb Code     0  startup.o(RESET)
    CAN2_Handler                             0x00000283   Thumb Code     0  startup.o(RESET)
    Comp0_Handler                            0x00000283   Thumb Code     0  startup.o(RESET)
    Comp1_Handler                            0x00000283   Thumb Code     0  startup.o(RESET)
    Comp2_Handler                            0x00000283   Thumb Code     0  startup.o(RESET)
    Ethernet_Handler                         0x00000283   Thumb Code     0  startup.o(RESET)
    ExtBus_Handler                           0x00000283   Thumb Code     0  startup.o(RESET)
    FPU_Handler                              0x00000283   Thumb Code     0  startup.o(RESET)
    Fan0_Handler                             0x00000283   Thumb Code     0  startup.o(RESET)
    FlashCtl_Handler                         0x00000283   Thumb Code     0  startup.o(RESET)
    GPIOPortA_Handler                        0x00000283   Thumb Code     0  startup.o(RESET)
    GPIOPortD_Handler                        0x00000283   Thumb Code     0  startup.o(RESET)
    GPIOPortE_Handler                        0x00000283   Thumb Code     0  startup.o(RESET)
    GPIOPortF_Handler                        0x00000283   Thumb Code     0  startup.o(RESET)
    GPIOPortG_Handler                        0x00000283   Thumb Code     0  startup.o(RESET)
    GPIOPortH_Handler                        0x00000283   Thumb Code     0  startup.o(RESET)
    GPIOPortJ_Handler                        0x00000283   Thumb Code     0  startup.o(RESET)
    GPIOPortK_Handler                        0x00000283   Thumb Code     0  startup.o(RESET)
    GPIOPortL_Handler                        0x00000283   Thumb Code     0  startup.o(RESET)
    GPIOPortM_Handler                        0x00000283   Thumb Code     0  startup.o(RESET)
    GPIOPortN_Handler                        0x00000283   Thumb Code     0  startup.o(RESET)
    GPIOPortP1_Handler                       0x00000283   Thumb Code     0  startup.o(RESET)
    GPIOPortP2_Handler                       0x00000283   Thumb Code     0  startup.o(RESET)
    GPIOPortP3_Handler                       0x00000283   Thumb Code     0  startup.o(RESET)
    GPIOPortP4_Handler                       0x00000283   Thumb Code     0  startup.o(RESET)
    GPIOPortP5_Handler                       0x00000283   Thumb Code     0  startup.o(RESET)
    GPIOPortP6_Handler                       0x00000283   Thumb Code     0  startup.o(RESET)
    GPIOPortP7_Handler                       0x00000283   Thumb Code     0  startup.o(RESET)
    GPIOPortP_Handler                        0x00000283   Thumb Code     0  startup.o(RESET)
    GPIOPortQ1_Handler                       0x00000283   Thumb Code     0  startup.o(RESET)
    GPIOPortQ2_Handler                       0x00000283   Thumb Code     0  startup.o(RESET)
    GPIOPortQ3_Handler                       0x00000283   Thumb Code     0  startup.o(RESET)
    GPIOPortQ4_Handler                       0x00000283   Thumb Code     0  startup.o(RESET)
    GPIOPortQ5_Handler                       0x00000283   Thumb Code     0  startup.o(RESET)
    GPIOPortQ6_Handler                       0x00000283   Thumb Code     0  startup.o(RESET)
    GPIOPortQ7_Handler                       0x00000283   Thumb Code     0  startup.o(RESET)
    GPIOPortQ_Handler                        0x00000283   Thumb Code     0  startup.o(RESET)
    GPIOPortR_Handler                        0x00000283   Thumb Code     0  startup.o(RESET)
    GPIOPortS_Handler                        0x00000283   Thumb Code     0  startup.o(RESET)
    Hibernate_Handler                        0x00000283   Thumb Code     0  startup.o(RESET)
    I2C0_Handler                             0x00000283   Thumb Code     0  startup.o(RESET)
    I2C1_Handler                             0x00000283   Thumb Code     0  startup.o(RESET)
    I2C2_Handler                             0x00000283   Thumb Code     0  startup.o(RESET)
    I2C3_Handler                             0x00000283   Thumb Code     0  startup.o(RESET)
    I2C4_Handler                             0x00000283   Thumb Code     0  startup.o(RESET)
    I2C5_Handler                             0x00000283   Thumb Code     0  startup.o(RESET)
    I2S0_Handler                             0x00000283   Thumb Code     0  startup.o(RESET)
    LPC0_Handler                             0x00000283   Thumb Code     0  startup.o(RESET)
    PECI0_Handler                            0x00000283   Thumb Code     0  startup.o(RESET)
    PWM0Fault_Handler                        0x00000283   Thumb Code     0  startup.o(RESET)
    PWM0Generator0_Handler                   0x00000283   Thumb Code     0  startup.o(RESET)
    PWM0Generator1_Handler                   0x00000283   Thumb Code     0  startup.o(RESET)
    PWM0Generator2_Handler                   0x00000283   Thumb Code     0  startup.o(RESET)
    PWM0Generator3_Handler                   0x00000283   Thumb Code     0  startup.o(RESET)
    PWM1Fault_Handler                        0x00000283   Thumb Code     0  startup.o(RESET)
    PWM1Generator0_Handler                   0x00000283   Thumb Code     0  startup.o(RESET)
    PWM1Generator1_Handler                   0x00000283   Thumb Code     0  startup.o(RESET)
    PWM1Generator2_Handler                   0x00000283   Thumb Code     0  startup.o(RESET)
    PWM1Generator3_Handler                   0x00000283   Thumb Code     0  startup.o(RESET)
    Quadrature0_Handler                      0x00000283   Thumb Code     0  startup.o(RESET)
    Quadrature1_Handler                      0x00000283   Thumb Code     0  startup.o(RESET)
    Quadrature2_Handler                      0x00000283   Thumb Code     0  startup.o(RESET)
    SSI0_Handler                             0x00000283   Thumb Code     0  startup.o(RESET)
    SSI1_Handler                             0x00000283   Thumb Code     0  startup.o(RESET)
    SSI2_Handler                             0x00000283   Thumb Code     0  startup.o(RESET)
    SSI3_Handler                             0x00000283   Thumb Code     0  startup.o(RESET)
    SysCtl_Handler                           0x00000283   Thumb Code     0  startup.o(RESET)
    Timer0B_Handler                          0x00000283   Thumb Code     0  startup.o(RESET)
    Timer1B_Handler                          0x00000283   Thumb Code     0  startup.o(RESET)
    Timer2B_Handler                          0x00000283   Thumb Code     0  startup.o(RESET)
    Timer3B_Handler                          0x00000283   Thumb Code     0  startup.o(RESET)
    Timer4B_Handler                          0x00000283   Thumb Code     0  startup.o(RESET)
    Timer5B_Handler                          0x00000283   Thumb Code     0  startup.o(RESET)
    UART0_Handler                            0x00000283   Thumb Code     0  startup.o(RESET)
    UART1_Handler                            0x00000283   Thumb Code     0  startup.o(RESET)
    UART2_Handler                            0x00000283   Thumb Code     0  startup.o(RESET)
    UART3_Handler                            0x00000283   Thumb Code     0  startup.o(RESET)
    UART4_Handler                            0x00000283   Thumb Code     0  startup.o(RESET)
    UART5_Handler                            0x00000283   Thumb Code     0  startup.o(RESET)
    UART6_Handler                            0x00000283   Thumb Code     0  startup.o(RESET)
    UART7_Handler                            0x00000283   Thumb Code     0  startup.o(RESET)
    USB0_Handler                             0x00000283   Thumb Code     0  startup.o(RESET)
    WDT_Handler                              0x00000283   Thumb Code     0  startup.o(RESET)
    WideTimer0A_Handler                      0x00000283   Thumb Code     0  startup.o(RESET)
    WideTimer0B_Handler                      0x00000283   Thumb Code     0  startup.o(RESET)
    WideTimer1A_Handler                      0x00000283   Thumb Code     0  startup.o(RESET)
    WideTimer1B_Handler                      0x00000283   Thumb Code     0  startup.o(RESET)
    WideTimer2A_Handler                      0x00000283   Thumb Code     0  startup.o(RESET)
    WideTimer2B_Handler                      0x00000283   Thumb Code     0  startup.o(RESET)
    WideTimer3A_Handler                      0x00000283   Thumb Code     0  startup.o(RESET)
    WideTimer3B_Handler                      0x00000283   Thumb Code     0  startup.o(RESET)
    WideTimer4A_Handler                      0x00000283   Thumb Code     0  startup.o(RESET)
    WideTimer4B_Handler                      0x00000283   Thumb Code     0  startup.o(RESET)
    WideTimer5A_Handler                      0x00000283   Thumb Code     0  startup.o(RESET)
    WideTimer5B_Handler                      0x00000283   Thumb Code     0  startup.o(RESET)
    uDMA_Error                               0x00000283   Thumb Code     0  startup.o(RESET)
    uDMA_Handler                             0x00000283   Thumb Code     0  startup.o(RESET)
    __main                                   0x00000285   Thumb Code     8  __main.o(!!!main)
    __scatterload                            0x0000028d   Thumb Code     0  __scatter.o(!!!scatter)
    __scatterload_rt2                        0x0000028d   Thumb Code    44  __scatter.o(!!!scatter)
    __scatterload_rt2_thumb_only             0x0000028d   Thumb Code     0  __scatter.o(!!!scatter)
    __scatterload_null                       0x0000029b   Thumb Code     0  __scatter.o(!!!scatter)
    __decompress                             0x000002c1   Thumb Code    90  __dczerorl2.o(!!dczerorl2)
    __decompress1                            0x000002c1   Thumb Code     0  __dczerorl2.o(!!dczerorl2)
    __scatterload_zeroinit                   0x0000031d   Thumb Code    28  __scatter_zi.o(!!handler_zi)
    __rt_lib_init                            0x00000339   Thumb Code     0  libinit.o(.ARM.Collect$$libinit$$00000000)
    __rt_lib_init_alloca_1                   0x0000033b   Thumb Code     0  libinit2.o(.ARM.Collect$$libinit$$0000002C)
    __rt_lib_init_argv_1                     0x0000033b   Thumb Code     0  libinit2.o(.ARM.Collect$$libinit$$0000002A)
    __rt_lib_init_atexit_1                   0x0000033b   Thumb Code     0  libinit2.o(.ARM.Collect$$libinit$$00000019)
    __rt_lib_init_clock_1                    0x0000033b   Thumb Code     0  libinit2.o(.ARM.Collect$$libinit$$0000001F)
    __rt_lib_init_cpp_1                      0x0000033b   Thumb Code     0  libinit2.o(.ARM.Collect$$libinit$$00000030)
    __rt_lib_init_exceptions_1               0x0000033b   Thumb Code     0  libinit2.o(.ARM.Collect$$libinit$$0000002E)
    __rt_lib_init_fp_1                       0x0000033b   Thumb Code     0  libinit2.o(.ARM.Collect$$libinit$$00000002)
    __rt_lib_init_fp_trap_1                  0x0000033b   Thumb Code     0  libinit2.o(.ARM.Collect$$libinit$$0000001D)
    __rt_lib_init_getenv_1                   0x0000033b   Thumb Code     0  libinit2.o(.ARM.Collect$$libinit$$00000021)
    __rt_lib_init_heap_1                     0x0000033b   Thumb Code     0  libinit2.o(.ARM.Collect$$libinit$$00000008)
    __rt_lib_init_lc_collate_1               0x0000033b   Thumb Code     0  libinit2.o(.ARM.Collect$$libinit$$0000000F)
    __rt_lib_init_lc_ctype_1                 0x0000033b   Thumb Code     0  libinit2.o(.ARM.Collect$$libinit$$00000011)
    __rt_lib_init_lc_monetary_1              0x0000033b   Thumb Code     0  libinit2.o(.ARM.Collect$$libinit$$00000013)
    __rt_lib_init_lc_numeric_1               0x0000033b   Thumb Code     0  libinit2.o(.ARM.Collect$$libinit$$00000015)
    __rt_lib_init_lc_time_1                  0x0000033b   Thumb Code     0  libinit2.o(.ARM.Collect$$libinit$$00000017)
    __rt_lib_init_rand_1                     0x0000033b   Thumb Code     0  libinit2.o(.ARM.Collect$$libinit$$0000000C)
    __rt_lib_init_return                     0x0000033b   Thumb Code     0  libinit2.o(.ARM.Collect$$libinit$$00000031)
    __rt_lib_init_signal_1                   0x0000033b   Thumb Code     0  libinit2.o(.ARM.Collect$$libinit$$0000001B)
    __rt_lib_init_stdio_1                    0x0000033b   Thumb Code     0  libinit2.o(.ARM.Collect$$libinit$$00000023)
    __rt_lib_init_user_alloc_1               0x0000033b   Thumb Code     0  libinit2.o(.ARM.Collect$$libinit$$0000000A)
    __rt_lib_shutdown                        0x0000033d   Thumb Code     0  libshutdown.o(.ARM.Collect$$libshutdown$$00000000)
    __rt_lib_shutdown_fp_trap_1              0x0000033f   Thumb Code     0  libshutdown2.o(.ARM.Collect$$libshutdown$$00000006)
    __rt_lib_shutdown_heap_1                 0x0000033f   Thumb Code     0  libshutdown2.o(.ARM.Collect$$libshutdown$$0000000E)
    __rt_lib_shutdown_return                 0x0000033f   Thumb Code     0  libshutdown2.o(.ARM.Collect$$libshutdown$$0000000F)
    __rt_lib_shutdown_signal_1               0x0000033f   Thumb Code     0  libshutdown2.o(.ARM.Collect$$libshutdown$$00000009)
    __rt_lib_shutdown_stdio_1                0x0000033f   Thumb Code     0  libshutdown2.o(.ARM.Collect$$libshutdown$$00000003)
    __rt_lib_shutdown_user_alloc_1           0x0000033f   Thumb Code     0  libshutdown2.o(.ARM.Collect$$libshutdown$$0000000B)
    __rt_entry                               0x00000341   Thumb Code     0  rtentry.o(.ARM.Collect$$rtentry$$00000000)
    __rt_entry_presh_1                       0x00000341   Thumb Code     0  rtentry2.o(.ARM.Collect$$rtentry$$00000002)
    __rt_entry_sh                            0x00000341   Thumb Code     0  rtentry4.o(.ARM.Collect$$rtentry$$00000004)
    __rt_entry_li                            0x00000347   Thumb Code     0  rtentry2.o(.ARM.Collect$$rtentry$$0000000A)
    __rt_entry_postsh_1                      0x00000347   Thumb Code     0  rtentry2.o(.ARM.Collect$$rtentry$$00000009)
    __rt_entry_main                          0x0000034b   Thumb Code     0  rtentry2.o(.ARM.Collect$$rtentry$$0000000D)
    __rt_entry_postli_1                      0x0000034b   Thumb Code     0  rtentry2.o(.ARM.Collect$$rtentry$$0000000C)
    __rt_exit                                0x00000353   Thumb Code     0  rtexit.o(.ARM.Collect$$rtexit$$00000000)
    __rt_exit_ls                             0x00000355   Thumb Code     0  rtexit2.o(.ARM.Collect$$rtexit$$00000003)
    __rt_exit_prels_1                        0x00000355   Thumb Code     0  rtexit2.o(.ARM.Collect$$rtexit$$00000002)
    __rt_exit_exit                           0x00000359   Thumb Code     0  rtexit2.o(.ARM.Collect$$rtexit$$00000004)
    DisableInterrupts                        0x00000361   Thumb Code     0  startup.o(.text)
    EnableInterrupts                         0x00000365   Thumb Code     0  startup.o(.text)
    StartCritical                            0x00000369   Thumb Code     0  startup.o(.text)
    EndCritical                              0x00000371   Thumb Code     0  startup.o(.text)
    WaitForInterrupt                         0x00000377   Thumb Code     0  startup.o(.text)
    __user_initial_stackheap                 0x0000037b   Thumb Code     0  startup.o(.text)
    __use_two_region_memory                  0x00000391   Thumb Code     2  heapauxi.o(.text)
    __rt_heap_escrow$2region                 0x00000393   Thumb Code     2  heapauxi.o(.text)
    __rt_heap_expand$2region                 0x00000395   Thumb Code     2  heapauxi.o(.text)
    __user_setup_stackheap                   0x00000397   Thumb Code    74  sys_stackheap_outer.o(.text)
    exit                                     0x000003e1   Thumb Code    12  exit.o(.text)
    __user_libspace                          0x000003ed   Thumb Code     8  libspace.o(.text)
    __user_perproc_libspace                  0x000003ed   Thumb Code     0  libspace.o(.text)
    __user_perthread_libspace                0x000003ed   Thumb Code     0  libspace.o(.text)
    _sys_exit                                0x000003f5   Thumb Code     8  sys_exit.o(.text)
    __I$use$semihosting                      0x00000401   Thumb Code     0  use_no_semi.o(.text)
    __use_no_semihosting_swi                 0x00000401   Thumb Code     2  use_no_semi.o(.text)
    __semihosting_library_function           0x00000403   Thumb Code     0  indicate_semi.o(.text)
    Audio_Init                               0x00000405   Thumb Code   196  audio.o(i.Audio_Init)
    DAC_Out                                  0x000004fd   Thumb Code   100  audio.o(i.DAC_Out)
    Delay1ms                                 0x00000569   Thumb Code    32  st7735.o(i.Delay1ms)
    FSR_Calibration                          0x00000589   Thumb Code    68  fsrs.o(i.FSR_Calibration)
    FSR_InSeq3                               0x000005e1   Thumb Code   138  fsrs.o(i.FSR_InSeq3)
    FSR_Init                                 0x0000067d   Thumb Code   240  fsrs.o(i.FSR_Init)
    FSR_Mesaure                              0x00000789   Thumb Code    30  fsrs.o(i.FSR_Mesaure)
    FSR_Test                                 0x000007a9   Thumb Code   570  fsrs.o(i.FSR_Test)
    GPIOPortB_Handler                        0x00000ab1   Thumb Code    80  switch.o(i.GPIOPortB_Handler)
    GPIOPortC_Handler                        0x00000b0d   Thumb Code    60  switch.o(i.GPIOPortC_Handler)
    PLL_Init                                 0x00000b55   Thumb Code   118  pll.o(i.PLL_Init)
    ST7735_DrawChar                          0x00000bd1   Thumb Code   256  st7735.o(i.ST7735_DrawChar)
    ST7735_DrawCharS                         0x00000cdd   Thumb Code   232  st7735.o(i.ST7735_DrawCharS)
    ST7735_DrawPixel                         0x00000dd1   Thumb Code    64  st7735.o(i.ST7735_DrawPixel)
    ST7735_FillRect                          0x00000e19   Thumb Code   164  st7735.o(i.ST7735_FillRect)
    ST7735_FillScreen                        0x00000ec5   Thumb Code    28  st7735.o(i.ST7735_FillScreen)
    ST7735_InitR                             0x00000ee9   Thumb Code    90  st7735.o(i.ST7735_InitR)
    ST7735_SetCursor                         0x00000f65   Thumb Code    22  st7735.o(i.ST7735_SetCursor)
    Screen_DrawArrow                         0x00000f85   Thumb Code    34  screen.o(i.Screen_DrawArrow)
    Screen_DrawCalibration                   0x00000fa7   Thumb Code   348  screen.o(i.Screen_DrawCalibration)
    Screen_DrawCalibrationPrep               0x00001105   Thumb Code   618  screen.o(i.Screen_DrawCalibrationPrep)
    Screen_DrawGreeting                      0x00001375   Thumb Code   170  screen.o(i.Screen_DrawGreeting)
    Screen_DrawLogoTop                       0x0000141f   Thumb Code   170  screen.o(i.Screen_DrawLogoTop)
    Screen_DrawMain                          0x000014c9   Thumb Code   648  screen.o(i.Screen_DrawMain)
    Screen_DrawModeTop                       0x00001755   Thumb Code   302  screen.o(i.Screen_DrawModeTop)
    Screen_DrawTest                          0x00001889   Thumb Code   216  screen.o(i.Screen_DrawTest)
    Screen_Init                              0x00001961   Thumb Code    30  screen.o(i.Screen_Init)
    Screen_MoveArrow                         0x00001981   Thumb Code    70  screen.o(i.Screen_MoveArrow)
    Switch_Init                              0x000019cd   Thumb Code   264  switch.o(i.Switch_Init)
    Timer0A_Handler                          0x00001aed   Thumb Code    14  switch.o(i.Timer0A_Handler)
    Timer1A_Handler                          0x00001b55   Thumb Code    66  audio.o(i.Timer1A_Handler)
    Timer1A_Init                             0x00001ba9   Thumb Code    82  audio.o(i.Timer1A_Init)
    Timer2A_Handler                          0x00001c0d   Thumb Code    48  audio.o(i.Timer2A_Handler)
    Timer2A_Init                             0x00001c4d   Thumb Code    80  audio.o(i.Timer2A_Init)
    Timer3A_Handler                          0x00001cb1   Thumb Code   148  fsrs.o(i.Timer3A_Handler)
    Timer3A_Init                             0x00001d5d   Thumb Code    68  fsrs.o(i.Timer3A_Init)
    Timer4A_Handler                          0x00001db5   Thumb Code     8  fsrs.o(i.Timer4A_Handler)
    Timer5A_Handler                          0x00001dc1   Thumb Code    80  screen.o(i.Timer5A_Handler)
    Timer5A_Init                             0x00001e1d   Thumb Code    72  screen.o(i.Timer5A_Init)
    initSong                                 0x00002055   Thumb Code    50  audio.o(i.initSong)
    main                                     0x00002089   Thumb Code    74  main.o(i.main)
    __fpl_dcmp_Inf                           0x000021b1   Thumb Code    24  dcmpi.o(x$fpl$dcmpinf)
    __aeabi_i2d                              0x000021c9   Thumb Code     0  dflt_clz.o(x$fpl$dflt)
    _dflt                                    0x000021c9   Thumb Code    46  dflt_clz.o(x$fpl$dflt)
    __aeabi_cdcmple                          0x000021f9   Thumb Code     0  dleqf.o(x$fpl$dleqf)
    _dcmple                                  0x000021f9   Thumb Code   120  dleqf.o(x$fpl$dleqf)
    __fpl_dcmple_InfNaN                      0x0000225b   Thumb Code     0  dleqf.o(x$fpl$dleqf)
    __aeabi_dmul                             0x00002271   Thumb Code     0  dmul.o(x$fpl$dmul)
    _dmul                                    0x00002271   Thumb Code   332  dmul.o(x$fpl$dmul)
    __fpl_dnaninf                            0x000023c5   Thumb Code   156  dnaninf.o(x$fpl$dnaninf)
    __fpl_dretinf                            0x00002461   Thumb Code    12  dretinf.o(x$fpl$dretinf)
    __aeabi_cdrcmple                         0x0000246d   Thumb Code     0  drleqf.o(x$fpl$drleqf)
    _drcmple                                 0x0000246d   Thumb Code   108  drleqf.o(x$fpl$drleqf)
    __I$use$fp                               0x000024d8   Number         0  usenofp.o(x$fpl$usenofp)
    dBfs                                     0x00002aba   Data         512  st7735.o(.constdata)
    Region$$Table$$Base                      0x00002cbc   Number         0  anon$$obj.o(Region$$Table)
    Region$$Table$$Limit                     0x00002cdc   Number         0  anon$$obj.o(Region$$Table)
    temp                                     0x20000000   Data           4  switch.o(.data)
    port_num                                 0x20000004   Data           4  switch.o(.data)
    save_inds                                0x20000008   Data           4  switch.o(.data)
    inst2                                    0x2000000c   Data           4  switch.o(.data)
    inst3                                    0x20000010   Data           4  switch.o(.data)
    TouchTask                                0x20000020   Data           4  switch.o(.data)
    ReleaseTask                              0x20000024   Data           4  switch.o(.data)
    StX                                      0x20000028   Data           4  st7735.o(.data)
    StY                                      0x2000002c   Data           4  st7735.o(.data)
    StTextColor                              0x20000030   Data           2  st7735.o(.data)
    lastj                                    0x20000038   Data           4  st7735.o(.data)
    Messageindex                             0x20000040   Data           4  st7735.o(.data)
    Ymax                                     0x20000044   Data           4  st7735.o(.data)
    Ymin                                     0x20000048   Data           4  st7735.o(.data)
    X                                        0x2000004c   Data           4  st7735.o(.data)
    Yrange                                   0x20000050   Data           4  st7735.o(.data)
    inst_idx1                                0x20000054   Data           4  audio.o(.data)
    inst_idx2                                0x20000058   Data           4  audio.o(.data)
    inst_idx3                                0x2000005c   Data           4  audio.o(.data)
    note_idx                                 0x20000060   Data           4  audio.o(.data)
    Bassoon                                  0x20000064   Data         128  audio.o(.data)
    Oboe                                     0x200000e4   Data         128  audio.o(.data)
    Trumpet                                  0x20000164   Data         128  audio.o(.data)
    Flute                                    0x200001e4   Data         128  audio.o(.data)
    Sin                                      0x20000264   Data         128  audio.o(.data)
    Horn                                     0x200002e4   Data         128  audio.o(.data)
    ForLab                                   0x20000364   Data         128  audio.o(.data)
    NoteRL                                   0x200003e4   Data          16  audio.o(.data)
    NoteF                                    0x200003f4   Data          16  audio.o(.data)
    NoteB                                    0x20000404   Data          16  audio.o(.data)
    period                                   0x20000414   Data           4  audio.o(.data)
    PeriodicTask                             0x20000418   Data           4  audio.o(.data)
    voiceidx                                 0x2000041c   Data           1  audio.o(.data)
    notesidx                                 0x2000041d   Data           1  audio.o(.data)
    playsong                                 0x2000041e   Data           1  audio.o(.data)
    songCurr                                 0x20000420   Data           4  audio.o(.data)
    currentMusic                             0x20000424   Data           4  audio.o(.data)
    arrow_pos                                0x20000428   Data           4  screen.o(.data)
    calib_sec                                0x2000042c   Data           4  screen.o(.data)
    fsr_num                                  0x20000430   Data           4  fsrs.o(.data)
    calibration_idx                          0x20000434   Data           4  fsrs.o(.data)
    test_mode                                0x20000438   Data           4  fsrs.o(.data)
    count                                    0x2000043c   Data           4  fsrs.o(.data)
    songRL                                   0x20000440   Data         148  audio.o(.bss)
    songF                                    0x200004d4   Data         148  audio.o(.bss)
    songB                                    0x20000568   Data         148  audio.o(.bss)
    fsr                                      0x200005fc   Data       16000  fsrs.o(.bss)
    fsr_avg                                  0x2000447c   Data          16  fsrs.o(.bss)
    fsrError                                 0x2000448c   Data          16  fsrs.o(.bss)
    __libspace_start                         0x2000449c   Data          96  libspace.o(.bss)
    __temporary_stack_top$libspace           0x200044fc   Data           0  libspace.o(.bss)



==============================================================================

Memory Map of the image

  Image Entry point : 0x0000026d

  Load Region LR_1 (Base: 0x00000000, Size: 0x0000311c, Max: 0xffffffff, ABSOLUTE, COMPRESSED[0x00002f40])

    Execution Region ER_RO (Base: 0x00000000, Size: 0x00002cdc, Max: 0xffffffff, ABSOLUTE)

    Base Addr    Size         Type   Attr      Idx    E Section Name        Object

    0x00000000   0x00000284   Code   RO            3  * RESET               startup.o
    0x00000284   0x00000008   Code   RO          601  * !!!main             c_w.l(__main.o)
    0x0000028c   0x00000034   Code   RO          776    !!!scatter          c_w.l(__scatter.o)
    0x000002c0   0x0000005a   Code   RO          774    !!dczerorl2         c_w.l(__dczerorl2.o)
    0x0000031a   0x00000002   PAD
    0x0000031c   0x0000001c   Code   RO          778    !!handler_zi        c_w.l(__scatter_zi.o)
    0x00000338   0x00000002   Code   RO          647    .ARM.Collect$$libinit$$00000000  c_w.l(libinit.o)
    0x0000033a   0x00000000   Code   RO          654    .ARM.Collect$$libinit$$00000002  c_w.l(libinit2.o)
    0x0000033a   0x00000000   Code   RO          657    .ARM.Collect$$libinit$$00000008  c_w.l(libinit2.o)
    0x0000033a   0x00000000   Code   RO          659    .ARM.Collect$$libinit$$0000000A  c_w.l(libinit2.o)
    0x0000033a   0x00000000   Code   RO          661    .ARM.Collect$$libinit$$0000000C  c_w.l(libinit2.o)
    0x0000033a   0x00000000   Code   RO          664    .ARM.Collect$$libinit$$0000000F  c_w.l(libinit2.o)
    0x0000033a   0x00000000   Code   RO          666    .ARM.Collect$$libinit$$00000011  c_w.l(libinit2.o)
    0x0000033a   0x00000000   Code   RO          668    .ARM.Collect$$libinit$$00000013  c_w.l(libinit2.o)
    0x0000033a   0x00000000   Code   RO          670    .ARM.Collect$$libinit$$00000015  c_w.l(libinit2.o)
    0x0000033a   0x00000000   Code   RO          672    .ARM.Collect$$libinit$$00000017  c_w.l(libinit2.o)
    0x0000033a   0x00000000   Code   RO          674    .ARM.Collect$$libinit$$00000019  c_w.l(libinit2.o)
    0x0000033a   0x00000000   Code   RO          676    .ARM.Collect$$libinit$$0000001B  c_w.l(libinit2.o)
    0x0000033a   0x00000000   Code   RO          678    .ARM.Collect$$libinit$$0000001D  c_w.l(libinit2.o)
    0x0000033a   0x00000000   Code   RO          680    .ARM.Collect$$libinit$$0000001F  c_w.l(libinit2.o)
    0x0000033a   0x00000000   Code   RO          682    .ARM.Collect$$libinit$$00000021  c_w.l(libinit2.o)
    0x0000033a   0x00000000   Code   RO          684    .ARM.Collect$$libinit$$00000023  c_w.l(libinit2.o)
    0x0000033a   0x00000000   Code   RO          688    .ARM.Collect$$libinit$$0000002A  c_w.l(libinit2.o)
    0x0000033a   0x00000000   Code   RO          690    .ARM.Collect$$libinit$$0000002C  c_w.l(libinit2.o)
    0x0000033a   0x00000000   Code   RO          692    .ARM.Collect$$libinit$$0000002E  c_w.l(libinit2.o)
    0x0000033a   0x00000000   Code   RO          694    .ARM.Collect$$libinit$$00000030  c_w.l(libinit2.o)
    0x0000033a   0x00000002   Code   RO          695    .ARM.Collect$$libinit$$00000031  c_w.l(libinit2.o)
    0x0000033c   0x00000002   Code   RO          715    .ARM.Collect$$libshutdown$$00000000  c_w.l(libshutdown.o)
    0x0000033e   0x00000000   Code   RO          729    .ARM.Collect$$libshutdown$$00000003  c_w.l(libshutdown2.o)
    0x0000033e   0x00000000   Code   RO          732    .ARM.Collect$$libshutdown$$00000006  c_w.l(libshutdown2.o)
    0x0000033e   0x00000000   Code   RO          735    .ARM.Collect$$libshutdown$$00000009  c_w.l(libshutdown2.o)
    0x0000033e   0x00000000   Code   RO          737    .ARM.Collect$$libshutdown$$0000000B  c_w.l(libshutdown2.o)
    0x0000033e   0x00000000   Code   RO          740    .ARM.Collect$$libshutdown$$0000000E  c_w.l(libshutdown2.o)
    0x0000033e   0x00000002   Code   RO          741    .ARM.Collect$$libshutdown$$0000000F  c_w.l(libshutdown2.o)
    0x00000340   0x00000000   Code   RO          613    .ARM.Collect$$rtentry$$00000000  c_w.l(rtentry.o)
    0x00000340   0x00000000   Code   RO          622    .ARM.Collect$$rtentry$$00000002  c_w.l(rtentry2.o)
    0x00000340   0x00000006   Code   RO          634    .ARM.Collect$$rtentry$$00000004  c_w.l(rtentry4.o)
    0x00000346   0x00000000   Code   RO          624    .ARM.Collect$$rtentry$$00000009  c_w.l(rtentry2.o)
    0x00000346   0x00000004   Code   RO          625    .ARM.Collect$$rtentry$$0000000A  c_w.l(rtentry2.o)
    0x0000034a   0x00000000   Code   RO          627    .ARM.Collect$$rtentry$$0000000C  c_w.l(rtentry2.o)
    0x0000034a   0x00000008   Code   RO          628    .ARM.Collect$$rtentry$$0000000D  c_w.l(rtentry2.o)
    0x00000352   0x00000002   Code   RO          651    .ARM.Collect$$rtexit$$00000000  c_w.l(rtexit.o)
    0x00000354   0x00000000   Code   RO          697    .ARM.Collect$$rtexit$$00000002  c_w.l(rtexit2.o)
    0x00000354   0x00000004   Code   RO          698    .ARM.Collect$$rtexit$$00000003  c_w.l(rtexit2.o)
    0x00000358   0x00000006   Code   RO          699    .ARM.Collect$$rtexit$$00000004  c_w.l(rtexit2.o)
    0x0000035e   0x00000002   PAD
    0x00000360   0x00000030   Code   RO            4    .text               startup.o
    0x00000390   0x00000006   Code   RO          599    .text               c_w.l(heapauxi.o)
    0x00000396   0x0000004a   Code   RO          638    .text               c_w.l(sys_stackheap_outer.o)
    0x000003e0   0x0000000c   Code   RO          640    .text               c_w.l(exit.o)
    0x000003ec   0x00000008   Code   RO          648    .text               c_w.l(libspace.o)
    0x000003f4   0x0000000c   Code   RO          707    .text               c_w.l(sys_exit.o)
    0x00000400   0x00000002   Code   RO          718    .text               c_w.l(use_no_semi.o)
    0x00000402   0x00000000   Code   RO          720    .text               c_w.l(indicate_semi.o)
    0x00000402   0x00000002   PAD
    0x00000404   0x000000f8   Code   RO          384    i.Audio_Init        audio.o
    0x000004fc   0x0000006c   Code   RO          385    i.DAC_Out           audio.o
    0x00000568   0x00000020   Code   RO          111    i.Delay1ms          st7735.o
    0x00000588   0x00000058   Code   RO          530    i.FSR_Calibration   fsrs.o
    0x000005e0   0x0000009c   Code   RO          531    i.FSR_InSeq3        fsrs.o
    0x0000067c   0x0000010c   Code   RO          532    i.FSR_Init          fsrs.o
    0x00000788   0x0000001e   Code   RO          533    i.FSR_Mesaure       fsrs.o
    0x000007a6   0x00000002   PAD
    0x000007a8   0x00000284   Code   RO          534    i.FSR_Test          fsrs.o
    0x00000a2c   0x00000084   Code   RO           62    i.GPIOArm           switch.o
    0x00000ab0   0x0000005c   Code   RO           63    i.GPIOPortB_Handler  switch.o
    0x00000b0c   0x00000048   Code   RO           64    i.GPIOPortC_Handler  switch.o
    0x00000b54   0x0000007c   Code   RO           50    i.PLL_Init          pll.o
    0x00000bd0   0x0000010c   Code   RO          119    i.ST7735_DrawChar   st7735.o
    0x00000cdc   0x000000f4   Code   RO          120    i.ST7735_DrawCharS  st7735.o
    0x00000dd0   0x00000048   Code   RO          123    i.ST7735_DrawPixel  st7735.o
    0x00000e18   0x000000ac   Code   RO          125    i.ST7735_FillRect   st7735.o
    0x00000ec4   0x00000024   Code   RO          126    i.ST7735_FillScreen  st7735.o
    0x00000ee8   0x0000007c   Code   RO          128    i.ST7735_InitR      st7735.o
    0x00000f64   0x00000020   Code   RO          141    i.ST7735_SetCursor  st7735.o
    0x00000f84   0x00000022   Code   RO          440    i.Screen_DrawArrow  screen.o
    0x00000fa6   0x0000015c   Code   RO          441    i.Screen_DrawCalibration  screen.o
    0x00001102   0x00000002   PAD
    0x00001104   0x00000270   Code   RO          442    i.Screen_DrawCalibrationPrep  screen.o
    0x00001374   0x000000aa   Code   RO          443    i.Screen_DrawGreeting  screen.o
    0x0000141e   0x000000aa   Code   RO          444    i.Screen_DrawLogoTop  screen.o
    0x000014c8   0x0000028c   Code   RO          445    i.Screen_DrawMain   screen.o
    0x00001754   0x00000134   Code   RO          446    i.Screen_DrawModeTop  screen.o
    0x00001888   0x000000d8   Code   RO          447    i.Screen_DrawTest   screen.o
    0x00001960   0x0000001e   Code   RO          449    i.Screen_Init       screen.o
    0x0000197e   0x00000002   PAD
    0x00001980   0x0000004c   Code   RO          450    i.Screen_MoveArrow  screen.o
    0x000019cc   0x00000120   Code   RO           65    i.Switch_Init       switch.o
    0x00001aec   0x00000014   Code   RO           66    i.Timer0A_Handler   switch.o
    0x00001b00   0x00000054   Code   RO           67    i.Timer0Arm         switch.o
    0x00001b54   0x00000054   Code   RO          386    i.Timer1A_Handler   audio.o
    0x00001ba8   0x00000064   Code   RO          387    i.Timer1A_Init      audio.o
    0x00001c0c   0x00000040   Code   RO          388    i.Timer2A_Handler   audio.o
    0x00001c4c   0x00000064   Code   RO          389    i.Timer2A_Init      audio.o
    0x00001cb0   0x000000ac   Code   RO          535    i.Timer3A_Handler   fsrs.o
    0x00001d5c   0x00000058   Code   RO          536    i.Timer3A_Init      fsrs.o
    0x00001db4   0x0000000c   Code   RO          537    i.Timer4A_Handler   fsrs.o
    0x00001dc0   0x0000005c   Code   RO          451    i.Timer5A_Handler   screen.o
    0x00001e1c   0x0000005c   Code   RO          452    i.Timer5A_Init      screen.o
    0x00001e78   0x00000056   Code   RO          145    i.commandList       st7735.o
    0x00001ece   0x00000002   PAD
    0x00001ed0   0x00000184   Code   RO          146    i.commonInit        st7735.o
    0x00002054   0x00000032   Code   RO          390    i.initSong          audio.o
    0x00002086   0x00000002   PAD
    0x00002088   0x00000050   Code   RO           12    i.main              main.o
    0x000020d8   0x00000012   Code   RO          151    i.pushColor         st7735.o
    0x000020ea   0x00000002   PAD
    0x000020ec   0x00000074   Code   RO          152    i.setAddrWindow     st7735.o
    0x00002160   0x00000030   Code   RO          153    i.writecommand      st7735.o
    0x00002190   0x00000020   Code   RO          154    i.writedata         st7735.o
    0x000021b0   0x00000018   Code   RO          636    x$fpl$dcmpinf       fz_ws.l(dcmpi.o)
    0x000021c8   0x0000002e   Code   RO          604    x$fpl$dflt          fz_ws.l(dflt_clz.o)
    0x000021f6   0x00000002   PAD
    0x000021f8   0x00000078   Code   RO          614    x$fpl$dleqf         fz_ws.l(dleqf.o)
    0x00002270   0x00000154   Code   RO          609    x$fpl$dmul          fz_ws.l(dmul.o)
    0x000023c4   0x0000009c   Code   RO          616    x$fpl$dnaninf       fz_ws.l(dnaninf.o)
    0x00002460   0x0000000c   Code   RO          618    x$fpl$dretinf       fz_ws.l(dretinf.o)
    0x0000246c   0x0000006c   Code   RO          611    x$fpl$drleqf        fz_ws.l(drleqf.o)
    0x000024d8   0x00000000   Code   RO          620    x$fpl$usenofp       fz_ws.l(usenofp.o)
    0x000024d8   0x000007e2   Data   RO          156    .constdata          st7735.o
    0x00002cba   0x00000002   PAD
    0x00002cbc   0x00000020   Data   RO          772    Region$$Table       anon$$obj.o


    Execution Region ER_RW (Base: 0x20000000, Size: 0x00000440, Max: 0xffffffff, ABSOLUTE, COMPRESSED[0x00000264])

    Base Addr    Size         Type   Attr      Idx    E Section Name        Object

    0x20000000   0x00000028   Data   RW           68    .data               switch.o
    0x20000028   0x0000002c   Data   RW          157    .data               st7735.o
    0x20000054   0x000003d4   Data   RW          392    .data               audio.o
    0x20000428   0x00000008   Data   RW          453    .data               screen.o
    0x20000430   0x00000010   Data   RW          540    .data               fsrs.o


    Execution Region ER_ZI (Base: 0x20000440, Size: 0x000044c0, Max: 0xffffffff, ABSOLUTE)

    Base Addr    Size         Type   Attr      Idx    E Section Name        Object

    0x20000440   0x000001bc   Zero   RW          391    .bss                audio.o
    0x200005fc   0x00003ea0   Zero   RW          539    .bss                fsrs.o
    0x2000449c   0x00000060   Zero   RW          649    .bss                c_w.l(libspace.o)
    0x200044fc   0x00000004   PAD
    0x20004500   0x00000000   Zero   RW            2    HEAP                startup.o
    0x20004500   0x00000400   Zero   RW            1    STACK               startup.o


==============================================================================

Image component sizes


      Code (inc. data)   RO Data    RW Data    ZI Data      Debug   Object Name

       754        132          0        980        444       6010   audio.o
      1458        188          0         16      16032       4945   fsrs.o
        80          6          0          0          0       4655   main.o
       124          6          0          0          0        439   pll.o
      2812         54          0          8          0       5953   screen.o
      1668        166       2018         44          0      11568   st7735.o
       692        632          0          0       1024        956   startup.o
       688         90          0         40          0       4012   switch.o

    ----------------------------------------------------------------------
      8288       1274       2052       1088      17500      38538   Object Totals
         0          0         32          0          0          0   (incl. Generated)
        12          0          2          0          0          0   (incl. Padding)

    ----------------------------------------------------------------------

      Code (inc. data)   RO Data    RW Data    ZI Data      Debug   Library Member Name

        90          0          0          0          0          0   __dczerorl2.o
         8          0          0          0          0         68   __main.o
        52          8          0          0          0          0   __scatter.o
        28          0          0          0          0          0   __scatter_zi.o
        12          0          0          0          0         72   exit.o
         6          0          0          0          0        152   heapauxi.o
         0          0          0          0          0          0   indicate_semi.o
         2          0          0          0          0          0   libinit.o
         2          0          0          0          0          0   libinit2.o
         2          0          0          0          0          0   libshutdown.o
         2          0          0          0          0          0   libshutdown2.o
         8          4          0          0         96         68   libspace.o
         0          0          0          0          0          0   rtentry.o
        12          0          0          0          0          0   rtentry2.o
         6          0          0          0          0          0   rtentry4.o
         2          0          0          0          0          0   rtexit.o
        10          0          0          0          0          0   rtexit2.o
        12          4          0          0          0         68   sys_exit.o
        74          0          0          0          0         80   sys_stackheap_outer.o
         2          0          0          0          0         68   use_no_semi.o
        24          0          0          0          0         68   dcmpi.o
        46          0          0          0          0         68   dflt_clz.o
       120          4          0          0          0         92   dleqf.o
       340         12          0          0          0        104   dmul.o
       156          4          0          0          0         92   dnaninf.o
        12          0          0          0          0         68   dretinf.o
       108          0          0          0          0         80   drleqf.o
         0          0          0          0          0          0   usenofp.o

    ----------------------------------------------------------------------
      1144         36          0          0        100       1148   Library Totals
         8          0          0          0          4          0   (incl. Padding)

    ----------------------------------------------------------------------

      Code (inc. data)   RO Data    RW Data    ZI Data      Debug   Library Name

       330         16          0          0         96        576   c_w.l
       806         20          0          0          0        572   fz_ws.l

    ----------------------------------------------------------------------
      1144         36          0          0        100       1148   Library Totals

    ----------------------------------------------------------------------

==============================================================================


      Code (inc. data)   RO Data    RW Data    ZI Data      Debug   

      9432       1310       2052       1088      17600      36618   Grand Totals
      9432       1310       2052        612      17600      36618   ELF Image Totals (compressed)
      9432       1310       2052        612          0          0   ROM Totals

==============================================================================

    Total RO  Size (Code + RO Data)                11484 (  11.21kB)
    Total RW  Size (RW Data + ZI Data)             18688 (  18.25kB)
    Total ROM Size (Code + RO Data + RW Data)      12096 (  11.81kB)

==============================================================================

