<html>
<body>
<pre>
<h1>µVision Build Log</h1>
<h2>Project:</h2>
C:\Users\LG\Desktop\courses\EE445L-embedded_systems_lab\lab11-Project\Gaitway\Gaitway.uvproj
Project File Date:  04/29/2018

<h2>Output:</h2>
Rebuild target 'Gaitway'
assembling startup.s...
compiling main.c...
compiling PLL.c...
compiling Switch.c...
compiling ST7735.c...
compiling Audio.c...
compiling Screen.c...
compiling FSRs.c...
linking...
Program Size: Code=9432 RO-data=2052 RW-data=1088 ZI-data=17600  
".\Gaitway.axf" - 0 Error(s), 0 Warning(s).
</pre>
</body>
</html>
op\\courses\\EE445L-embedded_systems_lab\\lab11-Project\\Gaitway\\Gaitway.axf" 
Connecting: Mode=JTAG, Speed=1000000Hz
Erase Done.
Programming Done.
Verify OK.

" is undefined
                          if(i==0 && i==1) songCurr = &songRL;
FSRs.c(223): error:  #20: identifier "songCurr" is undefined
                          else if(i==2) songCurr = &songF;
FSRs.c(223): error:  #20: identifier "songF" is undefined
                          else if(i==2) songCurr = &songF;
FSRs.c(224): error:  #20: identifier "songCurr" is undefined
                          else if(i==3) songCurr = &songB;
FSRs.c(224): error:  #20: identifier "songB" is undefined
                          else if(i==3) songCurr = &songB;
FSRs.c(241): error:  #20: identifier "songCurr" is undefined
                          if(i==0 && i==1) songCurr = &songRL;
FSRs.c(241): error:  #20: identifier "songRL" is undefined
                          if(i==0 && i==1) songCurr = &songRL;
FSRs.c(242): error:  #20: identifier "songCurr" is undefined
                          else if(i==2) songCurr = &songF;
FSRs.c(242): error:  #20: identifier "songF" is undefined
                          else if(i==2) songCurr = &songF;
FSRs.c(243): error:  #20: identifier "songCurr" is undefined
                          else if(i==3) songCurr = &songB;
FSRs.c(243): error:  #20: identifier "songB" is undefined
                          else if(i==3) songCurr = &songB;
FSRs.c: 0 warnings, 12 errors
".\Gaitway.axf" - 13 Error(s), 0 Warning(s).
Target not created
